Component: ARM Compiler 5.06 update 6 (build 750) Tool: armlink [4d35ed]

==============================================================================

Section Cross References

    startup_stm32f103xb.o(RESET) refers to startup_stm32f103xb.o(STACK) for __initial_sp
    startup_stm32f103xb.o(RESET) refers to startup_stm32f103xb.o(.text) for Reset_Handler
    startup_stm32f103xb.o(RESET) refers to stm32f1xx_it.o(i.SysTick_Handler) for SysTick_Handler
    startup_stm32f103xb.o(RESET) refers to stm32f1xx_it.o(i.USB_LP_CAN1_RX0_IRQHandler) for USB_LP_CAN1_RX0_IRQHandler
    startup_stm32f103xb.o(RESET) refers to stm32f1xx_it.o(i.EXTI15_10_IRQHandler) for EXTI15_10_IRQHandler
    startup_stm32f103xb.o(.text) refers to system_stm32f1xx.o(i.SystemInit) for SystemInit
    startup_stm32f103xb.o(.text) refers to entry.o(.ARM.Collect$$$$00000000) for __main
    main.o(i.Czas) refers to stm32f1xx_hal.o(i.HAL_Delay) for HAL_Delay
    main.o(i.Czas) refers to lcd_hd44780_i2c.o(i.lcdCommand) for lcdCommand
    main.o(i.Czas) refers to lcd_hd44780_i2c.o(i.lcdPrintStr) for lcdPrintStr
    main.o(i.Czas) refers to lcd_hd44780_i2c.o(i.lcdSetCursorPosition) for lcdSetCursorPosition
    main.o(i.Czas) refers to stm32f1xx_hal_gpio.o(i.HAL_GPIO_ReadPin) for HAL_GPIO_ReadPin
    main.o(i.Czas) refers to printf6.o(i.__0sprintf$6) for __2sprintf
    main.o(i.Licznik) refers to stm32f1xx_hal.o(i.HAL_Delay) for HAL_Delay
    main.o(i.Licznik) refers to stm32f1xx_hal_gpio.o(i.HAL_GPIO_ReadPin) for HAL_GPIO_ReadPin
    main.o(i.Licznik) refers to lcd_hd44780_i2c.o(i.lcdCommand) for lcdCommand
    main.o(i.Licznik) refers to lcd_hd44780_i2c.o(i.lcdPrintStr) for lcdPrintStr
    main.o(i.Licznik) refers to printf6.o(i.__0sprintf$6) for __2sprintf
    main.o(i.Licznik) refers to lcd_hd44780_i2c.o(i.lcdSetCursorPosition) for lcdSetCursorPosition
    main.o(i.Licznik) refers to main.o(.constdata) for .constdata
    main.o(i.MX_GPIO_Init) refers to stm32f1xx_hal_gpio.o(i.HAL_GPIO_WritePin) for HAL_GPIO_WritePin
    main.o(i.MX_GPIO_Init) refers to stm32f1xx_hal_gpio.o(i.HAL_GPIO_Init) for HAL_GPIO_Init
    main.o(i.MX_GPIO_Init) refers to stm32f1xx_hal_cortex.o(i.HAL_NVIC_SetPriority) for HAL_NVIC_SetPriority
    main.o(i.MX_GPIO_Init) refers to stm32f1xx_hal_cortex.o(i.HAL_NVIC_EnableIRQ) for HAL_NVIC_EnableIRQ
    main.o(i.MX_I2C1_Init) refers to stm32f1xx_hal_i2c.o(i.HAL_I2C_Init) for HAL_I2C_Init
    main.o(i.MX_I2C1_Init) refers to main.o(.bss) for .bss
    main.o(i.MX_I2C2_Init) refers to stm32f1xx_hal_i2c.o(i.HAL_I2C_Init) for HAL_I2C_Init
    main.o(i.MX_I2C2_Init) refers to main.o(.bss) for .bss
    main.o(i.Pozycja) refers to stm32f1xx_hal.o(i.HAL_Delay) for HAL_Delay
    main.o(i.Pozycja) refers to lcd_hd44780_i2c.o(i.lcdCommand) for lcdCommand
    main.o(i.Pozycja) refers to lcd_hd44780_i2c.o(i.lcdPrintStr) for lcdPrintStr
    main.o(i.Pozycja) refers to lcd_hd44780_i2c.o(i.lcdSetCursorPosition) for lcdSetCursorPosition
    main.o(i.Pozycja) refers to stm32f1xx_hal_gpio.o(i.HAL_GPIO_ReadPin) for HAL_GPIO_ReadPin
    main.o(i.Pozycja) refers to printf6.o(i.__0sprintf$6) for __2sprintf
    main.o(i.Pozycja) refers to lcd_hd44780_i2c.o(i.lcdPrintChar) for lcdPrintChar
    main.o(i.Pozycja) refers to main.o(.constdata) for .constdata
    main.o(i.SystemClock_Config) refers to stm32f1xx_hal_rcc.o(i.HAL_RCC_OscConfig) for HAL_RCC_OscConfig
    main.o(i.SystemClock_Config) refers to stm32f1xx_hal_rcc.o(i.HAL_RCC_ClockConfig) for HAL_RCC_ClockConfig
    main.o(i.SystemClock_Config) refers to stm32f1xx_hal_rcc_ex.o(i.HAL_RCCEx_PeriphCLKConfig) for HAL_RCCEx_PeriphCLKConfig
    main.o(i.SystemClock_Config) refers to stm32f1xx_hal_rcc.o(i.HAL_RCC_GetHCLKFreq) for HAL_RCC_GetHCLKFreq
    main.o(i.SystemClock_Config) refers to stm32f1xx_hal_cortex.o(i.HAL_SYSTICK_Config) for HAL_SYSTICK_Config
    main.o(i.SystemClock_Config) refers to stm32f1xx_hal_cortex.o(i.HAL_SYSTICK_CLKSourceConfig) for HAL_SYSTICK_CLKSourceConfig
    main.o(i.SystemClock_Config) refers to stm32f1xx_hal_cortex.o(i.HAL_NVIC_SetPriority) for HAL_NVIC_SetPriority
    main.o(i.lcd_Start) refers to lcd_hd44780_i2c.o(i.lcdInit) for lcdInit
    main.o(i.lcd_Start) refers to lcd_hd44780_i2c.o(i.lcdCommand) for lcdCommand
    main.o(i.lcd_Start) refers to lcd_hd44780_i2c.o(i.lcdPrintStr) for lcdPrintStr
    main.o(i.lcd_Start) refers to lcd_hd44780_i2c.o(i.lcdSetCursorPosition) for lcdSetCursorPosition
    main.o(i.lcd_Start) refers to stm32f1xx_hal_gpio.o(i.HAL_GPIO_ReadPin) for HAL_GPIO_ReadPin
    main.o(i.lcd_Start) refers to stm32f1xx_hal.o(i.HAL_Delay) for HAL_Delay
    main.o(i.lcd_Start) refers to main.o(.bss) for .bss
    main.o(i.main) refers to memcpya.o(.text) for __aeabi_memcpy4
    main.o(i.main) refers to stm32f1xx_hal.o(i.HAL_Init) for HAL_Init
    main.o(i.main) refers to main.o(i.SystemClock_Config) for SystemClock_Config
    main.o(i.main) refers to main.o(i.MX_GPIO_Init) for MX_GPIO_Init
[...]
    ../Src/usbd_cdc_if.c                     0x00000000   Number         0  usbd_cdc_if.o ABSOLUTE
    ../Src/usbd_conf.c                       0x00000000   Number         0  usbd_conf.o ABSOLUTE
    ../Src/usbd_desc.c                       0x00000000   Number         0  usbd_desc.o ABSOLUTE
    ../clib/../cmprslib/zerorunl2.c          0x00000000   Number         0  __dczerorl2.o ABSOLUTE
    ../clib/microlib/division.c              0x00000000   Number         0  uldiv.o ABSOLUTE
    ../clib/microlib/division.c              0x00000000   Number         0  uidiv.o ABSOLUTE
    ../clib/microlib/init/entry.s            0x00000000   Number         0  entry2.o ABSOLUTE
    ../clib/microlib/init/entry.s            0x00000000   Number         0  entry5.o ABSOLUTE
    ../clib/microlib/init/entry.s            0x00000000   Number         0  entry7a.o ABSOLUTE
    ../clib/microlib/init/entry.s            0x00000000   Number         0  entry9a.o ABSOLUTE
    ../clib/microlib/init/entry.s            0x00000000   Number         0  entry9b.o ABSOLUTE
    ../clib/microlib/init/entry.s            0x00000000   Number         0  entry10a.o ABSOLUTE
    ../clib/microlib/init/entry.s            0x00000000   Number         0  entry10b.o ABSOLUTE
    ../clib/microlib/init/entry.s            0x00000000   Number         0  entry11b.o ABSOLUTE
    ../clib/microlib/init/entry.s            0x00000000   Number         0  entry11a.o ABSOLUTE
    ../clib/microlib/init/entry.s            0x00000000   Number         0  entry8b.o ABSOLUTE
    ../clib/microlib/init/entry.s            0x00000000   Number         0  entry7b.o ABSOLUTE
    ../clib/microlib/init/entry.s            0x00000000   Number         0  entry8a.o ABSOLUTE
    ../clib/microlib/init/entry.s            0x00000000   Number         0  entry.o ABSOLUTE
    ../clib/microlib/longlong.c              0x00000000   Number         0  llushr.o ABSOLUTE
    ../clib/microlib/longlong.c              0x00000000   Number         0  llsshr.o ABSOLUTE
    ../clib/microlib/longlong.c              0x00000000   Number         0  llshl.o ABSOLUTE
    ../clib/microlib/printf/printf.c         0x00000000   Number         0  printf3.o ABSOLUTE
    ../clib/microlib/printf/printf.c         0x00000000   Number         0  printf2.o ABSOLUTE
    ../clib/microlib/printf/printf.c         0x00000000   Number         0  printf1.o ABSOLUTE
    ../clib/microlib/printf/printf.c         0x00000000   Number         0  printf0.o ABSOLUTE
    ../clib/microlib/printf/printf.c         0x00000000   Number         0  printfb.o ABSOLUTE
    ../clib/microlib/printf/printf.c         0x00000000   Number         0  printf7.o ABSOLUTE
    ../clib/microlib/printf/printf.c         0x00000000   Number         0  printfa.o ABSOLUTE
    ../clib/microlib/printf/printf.c         0x00000000   Number         0  printf8.o ABSOLUTE
    ../clib/microlib/printf/printf.c         0x00000000   Number         0  printf6.o ABSOLUTE
    ../clib/microlib/printf/printf.c         0x00000000   Number         0  printf5.o ABSOLUTE
    ../clib/microlib/printf/printf.c         0x00000000   Number         0  printf4.o ABSOLUTE
    ../clib/microlib/printf/stubs.s          0x00000000   Number         0  stubs.o ABSOLUTE
    ../clib/microlib/stdio/fputc.c           0x00000000   Number         0  fputc.o ABSOLUTE
    ../clib/microlib/stdio/semi.s            0x00000000   Number         0  semi.o ABSOLUTE
    ../clib/microlib/stdio/streams.c         0x00000000   Number         0  stdout.o ABSOLUTE
    ../clib/microlib/string/memcpy.c         0x00000000   Number         0  memcpyb.o ABSOLUTE
    ../clib/microlib/string/memcpy.c         0x00000000   Number         0  memcpya.o ABSOLUTE
    ../clib/microlib/stubs.s                 0x00000000   Number         0  iusesemip.o ABSOLUTE
    ../clib/microlib/stubs.s                 0x00000000   Number         0  iusefp.o ABSOLUTE
    ../fplib/microlib/fpadd.c                0x00000000   Number         0  dadd.o ABSOLUTE
    ../fplib/microlib/fpdiv.c                0x00000000   Number         0  ddiv.o ABSOLUTE
    ../fplib/microlib/fpepilogue.c           0x00000000   Number         0  depilogue.o ABSOLUTE
    ../fplib/microlib/fpfix.c                0x00000000   Number         0  dfixul.o ABSOLUTE
    ../fplib/microlib/fpmul.c                0x00000000   Number         0  dmul.o ABSOLUTE
    ..\..\..\lcd_hd44780_i2c.c               0x00000000   Number         0  lcd_hd44780_i2c.o ABSOLUTE
    ..\Drivers\STM32F1xx_HAL_Driver\Src\stm32f1xx_hal.c 0x00000000   Number         0  stm32f1xx_hal.o ABSOLUTE
    ..\Drivers\STM32F1xx_HAL_Driver\Src\stm32f1xx_hal_cortex.c 0x00000000   Number         0  stm32f1xx_hal_cortex.o ABSOLUTE
    ..\Drivers\STM32F1xx_HAL_Driver\Src\stm32f1xx_hal_dma.c 0x00000000   Number         0  stm32f1xx_hal_dma.o ABSOLUTE
    ..\Drivers\STM32F1xx_HAL_Driver\Src\stm32f1xx_hal_flash.c 0x00000000   Number         0  stm32f1xx_hal_flash.o ABSOLUTE
    ..\Drivers\STM32F1xx_HAL_Driver\Src\stm32f1xx_hal_flash_ex.c 0x00000000   Number         0  stm32f1xx_hal_flash_ex.o ABSOLUTE
    ..\Drivers\STM32F1xx_HAL_Driver\Src\stm32f1xx_hal_gpio.c 0x00000000   Number         0  stm32f1xx_hal_gpio.o ABSOLUTE
    ..\Drivers\STM32F1xx_HAL_Driver\Src\stm32f1xx_hal_gpio_ex.c 0x00000000   Number         0  stm32f1xx_hal_gpio_ex.o ABSOLUTE
    ..\Drivers\STM32F1xx_HAL_Driver\Src\stm32f1xx_hal_i2c.c 0x00000000   Number         0  stm32f1xx_hal_i2c.o ABSOLUTE
    ..\Drivers\STM32F1xx_HAL_Driver\Src\stm32f1xx_hal_pcd.c 0x00000000   Number         0  stm32f1xx_hal_pcd.o ABSOLUTE
    ..\Drivers\STM32F1xx_HAL_Driver\Src\stm32f1xx_hal_pcd_ex.c 0x00000000   Number         0  stm32f1xx_hal_pcd_ex.o ABSOLUTE
    ..\Drivers\STM32F1xx_HAL_Driver\Src\stm32f1xx_hal_pwr.c 0x00000000   Number         0  stm32f1xx_hal_pwr.o ABSOLUTE
    ..\Drivers\STM32F1xx_HAL_Driver\Src\stm32f1xx_hal_rcc.c 0x00000000   Number         0  stm32f1xx_hal_rcc.o ABSOLUTE
    ..\Drivers\STM32F1xx_HAL_Driver\Src\stm32f1xx_hal_rcc_ex.c 0x00000000   Number         0  stm32f1xx_hal_rcc_ex.o ABSOLUTE
    ..\Drivers\STM32F1xx_HAL_Driver\Src\stm32f1xx_hal_tim.c 0x00000000   Number         0  stm32f1xx_hal_tim.o ABSOLUTE
    ..\Drivers\STM32F1xx_HAL_Driver\Src\stm32f1xx_hal_tim_ex.c 0x00000000   Number         0  stm32f1xx_hal_tim_ex.o ABSOLUTE
    ..\Drivers\STM32F1xx_HAL_Driver\Src\stm32f1xx_ll_usb.c 0x00000000   Number         0  stm32f1xx_ll_usb.o ABSOLUTE
    ..\Middlewares\ST\STM32_USB_Device_Library\Class\CDC\Src\usbd_cdc.c 0x00000000   Number         0  usbd_cdc.o ABSOLUTE
    ..\Middlewares\ST\STM32_USB_Device_Library\Core\Src\usbd_core.c 0x00000000   Number         0  usbd_core.o ABSOLUTE
    ..\Middlewares\ST\STM32_USB_Device_Library\Core\Src\usbd_ctlreq.c 0x00000000   Number         0  usbd_ctlreq.o ABSOLUTE
    ..\Middlewares\ST\STM32_USB_Device_Library\Core\Src\usbd_ioreq.c 0x00000000   Number         0  usbd_ioreq.o ABSOLUTE
    ..\Src\main.c                            0x00000000   Number         0  main.o ABSOLUTE
    ..\Src\stm32f1xx_hal_msp.c               0x00000000   Number         0  stm32f1xx_hal_msp.o ABSOLUTE
    ..\Src\stm32f1xx_it.c                    0x00000000   Number         0  stm32f1xx_it.o ABSOLUTE
    ..\Src\usb_device.c                      0x00000000   Number         0  usb_device.o ABSOLUTE
    ..\Src\usbd_cdc_if.c                     0x00000000   Number         0  usbd_cdc_if.o ABSOLUTE
    ..\Src\usbd_conf.c                       0x00000000   Number         0  usbd_conf.o ABSOLUTE
    ..\Src\usbd_desc.c                       0x00000000   Number         0  usbd_desc.o ABSOLUTE
    ..\\..\\..\\lcd_hd44780_i2c.c            0x00000000   Number         0  lcd_hd44780_i2c.o ABSOLUTE
    ..\\Src\system_stm32f1xx.c               0x00000000   Number         0  system_stm32f1xx.o ABSOLUTE
    cdrcmple.s                               0x00000000   Number         0  cdrcmple.o ABSOLUTE
    dc.s                                     0x00000000   Number         0  dc.o ABSOLUTE
    handlers.s                               0x00000000   Number         0  handlers.o ABSOLUTE
    init.s                                   0x00000000   Number         0  init.o ABSOLUTE
    startup_stm32f103xb.s                    0x00000000   Number         0  startup_stm32f103xb.o ABSOLUTE
    RESET                                    0x08000000   Section      236  startup_stm32f103xb.o(RESET)
    .ARM.Collect$$$$00000000                 0x080000ec   Section        0  entry.o(.ARM.Collect$$$$00000000)
    .ARM.Collect$$$$00000001                 0x080000ec   Section        4  entry2.o(.ARM.Collect$$$$00000001)
    .ARM.Collect$$$$00000004                 0x080000f0   Section        4  entry5.o(.ARM.Collect$$$$00000004)
    .ARM.Collect$$$$00000008                 0x080000f4   Section        0  entry7b.o(.ARM.Collect$$$$00000008)
    .ARM.Collect$$$$0000000A                 0x080000f4   Section        0  entry8b.o(.ARM.Collect$$$$0000000A)
    .ARM.Collect$$$$0000000B                 0x080000f4   Section        8  entry9a.o(.ARM.Collect$$$$0000000B)
    .ARM.Collect$$$$0000000D                 0x080000fc   Section        0  entry10a.o(.ARM.Collect$$$$0000000D)
    .ARM.Collect$$$$0000000F                 0x080000fc   Section        0  entry11a.o(.ARM.Collect$$$$0000000F)
    .ARM.Collect$$$$00002712                 0x080000fc   Section        4  entry2.o(.ARM.Collect$$$$00002712)
    __lit__00000000                          0x080000fc   Data           4  entry2.o(.ARM.Collect$$$$00002712)
    .text                                    0x08000100   Section       36  startup_stm32f103xb.o(.text)
    .text                                    0x08000124   Section        0  memcpya.o(.text)
    .text                                    0x08000148   Section        0  uidiv.o(.text)
    .text                                    0x08000174   Section       36  init.o(.text)
    .text                                    0x08000198   Section        0  __dczerorl2.o(.text)
    i.CDC_Control_FS                         0x080001ee   Section        0  usbd_cdc_if.o(i.CDC_Control_FS)
    CDC_Control_FS                           0x080001ef   Thumb Code     4  usbd_cdc_if.o(i.CDC_Control_FS)
    i.CDC_DeInit_FS                          0x080001f2   Section        0  usbd_cdc_if.o(i.CDC_DeInit_FS)
    CDC_DeInit_FS                            0x080001f3   Thumb Code     4  usbd_cdc_if.o(i.CDC_DeInit_FS)
    i.CDC_Init_FS                            0x080001f8   Section        0  usbd_cdc_if.o(i.CDC_Init_FS)
    CDC_Init_FS                              0x080001f9   Thumb Code    24  usbd_cdc_if.o(i.CDC_Init_FS)
    i.CDC_Receive_FS                         0x0800021c   Section        0  usbd_cdc_if.o(i.CDC_Receive_FS)
    CDC_Receive_FS                           0x0800021d   Thumb Code    20  usbd_cdc_if.o(i.CDC_Receive_FS)
    i.Czas                                   0x08000234   Section        0  main.o(i.Czas)
    i.EXTI15_10_IRQHandler                   0x0800039c   Section        0  stm32f1xx_it.o(i.EXTI15_10_IRQHandler)
    i.HAL_Delay                              0x080003a4   Section        0  stm32f1xx_hal.o(i.HAL_Delay)
    i.HAL_GPIO_EXTI_Callback                 0x080003c8   Section        0  stm32f1xx_hal_gpio.o(i.HAL_GPIO_EXTI_Callback)
    i.HAL_GPIO_EXTI_IRQHandler               0x080003cc   Section        0  stm32f1xx_hal_gpio.o(i.HAL_GPIO_EXTI_IRQHandler)
    i.HAL_GPIO_Init                          0x080003e4   Section        0  stm32f1xx_hal_gpio.o(i.HAL_GPIO_Init)
    i.HAL_GPIO_ReadPin                       0x080005a0   Section        0  stm32f1xx_hal_gpio.o(i.HAL_GPIO_ReadPin)
    i.HAL_GPIO_WritePin                      0x080005aa   Section        0  stm32f1xx_hal_gpio.o(i.HAL_GPIO_WritePin)
    i.HAL_GetTick                            0x080005b4   Section        0  stm32f1xx_hal.o(i.HAL_GetTick)
    i.HAL_I2C_GetState                       0x080005c0   Section        0  stm32f1xx_hal_i2c.o(i.HAL_I2C_GetState)
    i.HAL_I2C_Init                           0x080005c8   Section        0  stm32f1xx_hal_i2c.o(i.HAL_I2C_Init)
    i.HAL_I2C_Master_Transmit                0x08000708   Section        0  stm32f1xx_hal_i2c.o(i.HAL_I2C_Master_Transmit)
    i.HAL_I2C_MspInit                        0x08000840   Section        0  stm32f1xx_hal_msp.o(i.HAL_I2C_MspInit)
    i.HAL_IncTick                            0x080008ac   Section        0  stm32f1xx_hal.o(i.HAL_IncTick)
    i.HAL_Init                               0x080008bc   Section        0  stm32f1xx_hal.o(i.HAL_Init)
    i.HAL_InitTick                           0x080008e0   Section        0  stm32f1xx_hal.o(i.HAL_InitTick)
    i.HAL_MspInit                            0x08000920   Section        0  stm32f1xx_hal_msp.o(i.HAL_MspInit)
    i.HAL_NVIC_EnableIRQ                     0x080009b0   Section        0  stm32f1xx_hal_cortex.o(i.HAL_NVIC_EnableIRQ)
    i.HAL_NVIC_SetPriority                   0x080009c8   Section        0  stm32f1xx_hal_cortex.o(i.HAL_NVIC_SetPriority)
    i.HAL_NVIC_SetPriorityGrouping           0x08000a08   Section        0  stm32f1xx_hal_cortex.o(i.HAL_NVIC_SetPriorityGrouping)
    i.HAL_PCDEx_PMAConfig                    0x08000a2c   Section        0  stm32f1xx_hal_pcd_ex.o(i.HAL_PCDEx_PMAConfig)
    i.HAL_PCDEx_SetConnectionState           0x08000a60   Section        0  usbd_conf.o(i.HAL_PCDEx_SetConnectionState)
    i.HAL_PCD_DataInStageCallback            0x08000a62   Section        0  usbd_conf.o(i.HAL_PCD_DataInStageCallback)
    i.HAL_PCD_DataOutStageCallback           0x08000a70   Section        0  usbd_conf.o(i.HAL_PCD_DataOutStageCallback)
    i.HAL_PCD_EP_Close                       0x08000a80   Section        0  stm32f1xx_hal_pcd.o(i.HAL_PCD_EP_Close)
    i.HAL_PCD_EP_ClrStall                    0x08000ac0   Section        0  stm32f1xx_hal_pcd.o(i.HAL_PCD_EP_ClrStall)
    i.HAL_PCD_EP_GetRxCount                  0x08000b08   Section        0  stm32f1xx_hal_pcd.o(i.HAL_PCD_EP_GetRxCount)
    i.HAL_PCD_EP_Open                        0x08000b18   Section        0  stm32f1xx_hal_pcd.o(i.HAL_PCD_EP_Open)
    i.HAL_PCD_EP_Receive                     0x08000b5c   Section        0  stm32f1xx_hal_pcd.o(i.HAL_PCD_EP_Receive)
    i.HAL_PCD_EP_SetStall                    0x08000b8a   Section        0  stm32f1xx_hal_pcd.o(i.HAL_PCD_EP_SetStall)
    i.HAL_PCD_EP_Transmit                    0x08000be0   Section        0  stm32f1xx_hal_pcd.o(i.HAL_PCD_EP_Transmit)
    i.HAL_PCD_IRQHandler                     0x08000c0a   Section        0  stm32f1xx_hal_pcd.o(i.HAL_PCD_IRQHandler)
    i.HAL_PCD_Init                           0x08000d18   Section        0  stm32f1xx_hal_pcd.o(i.HAL_PCD_Init)
    i.HAL_PCD_MspInit                        0x08000dd8   Section        0  usbd_conf.o(i.HAL_PCD_MspInit)
    i.HAL_PCD_ResetCallback                  0x08000e14   Section        0  usbd_conf.o(i.HAL_PCD_ResetCallback)
    i.HAL_PCD_ResumeCallback                 0x08000e2e   Section        0  usbd_conf.o(i.HAL_PCD_ResumeCallback)
    i.HAL_PCD_SOFCallback                    0x08000e36   Section        0  usbd_conf.o(i.HAL_PCD_SOFCallback)
    i.HAL_PCD_SetAddress                     0x08000e3e   Section        0  stm32f1xx_hal_pcd.o(i.HAL_PCD_SetAddress)
    i.HAL_PCD_SetupStageCallback             0x08000e66   Section        0  usbd_conf.o(i.HAL_PCD_SetupStageCallback)
    i.HAL_PCD_Start                          0x08000e74   Section        0  stm32f1xx_hal_pcd.o(i.HAL_PCD_Start)
    i.HAL_PCD_SuspendCallback                0x08000ea8   Section        0  usbd_conf.o(i.HAL_PCD_SuspendCallback)
    i.HAL_RCCEx_PeriphCLKConfig              0x08000ecc   Section        0  stm32f1xx_hal_rcc_ex.o(i.HAL_RCCEx_PeriphCLKConfig)
    i.HAL_RCC_ClockConfig                    0x08000fb8   Section        0  stm32f1xx_hal_rcc.o(i.HAL_RCC_ClockConfig)
    i.HAL_RCC_GetHCLKFreq                    0x0800110c   Section        0  stm32f1xx_hal_rcc.o(i.HAL_RCC_GetHCLKFreq)
    i.HAL_RCC_GetPCLK1Freq                   0x08001118   Section        0  stm32f1xx_hal_rcc.o(i.HAL_RCC_GetPCLK1Freq)
    i.HAL_RCC_GetSysClockFreq                0x08001138   Section        0  stm32f1xx_hal_rcc.o(i.HAL_RCC_GetSysClockFreq)
    i.HAL_RCC_OscConfig                      0x080011a4   Section        0  stm32f1xx_hal_rcc.o(i.HAL_RCC_OscConfig)
    i.HAL_SYSTICK_CLKSourceConfig            0x080014a8   Section        0  stm32f1xx_hal_cortex.o(i.HAL_SYSTICK_CLKSourceConfig)
    i.HAL_SYSTICK_Callback                   0x080014c0   Section        0  stm32f1xx_hal_cortex.o(i.HAL_SYSTICK_Callback)
    i.HAL_SYSTICK_Config                     0x080014c2   Section        0  stm32f1xx_hal_cortex.o(i.HAL_SYSTICK_Config)
    i.HAL_SYSTICK_IRQHandler                 0x080014ea   Section        0  stm32f1xx_hal_cortex.o(i.HAL_SYSTICK_IRQHandler)
    i.I2C_IsAcknowledgeFailed                0x080014f2   Section        0  stm32f1xx_hal_i2c.o(i.I2C_IsAcknowledgeFailed)
    I2C_IsAcknowledgeFailed                  0x080014f3   Thumb Code    40  stm32f1xx_hal_i2c.o(i.I2C_IsAcknowledgeFailed)
    i.I2C_MasterRequestWrite                 0x0800151c   Section        0  stm32f1xx_hal_i2c.o(i.I2C_MasterRequestWrite)
    I2C_MasterRequestWrite                   0x0800151d   Thumb Code   142  stm32f1xx_hal_i2c.o(i.I2C_MasterRequestWrite)
    i.I2C_WaitOnBTFFlagUntilTimeout          0x080015b0   Section        0  stm32f1xx_hal_i2c.o(i.I2C_WaitOnBTFFlagUntilTimeout)
    I2C_WaitOnBTFFlagUntilTimeout            0x080015b1   Thumb Code    78  stm32f1xx_hal_i2c.o(i.I2C_WaitOnBTFFlagUntilTimeout)
    i.I2C_WaitOnFlagUntilTimeout             0x080015fe   Section        0  stm32f1xx_hal_i2c.o(i.I2C_WaitOnFlagUntilTimeout)
    I2C_WaitOnFlagUntilTimeout               0x080015ff   Thumb Code    96  stm32f1xx_hal_i2c.o(i.I2C_WaitOnFlagUntilTimeout)
    i.I2C_WaitOnMasterAddressFlagUntilTimeout 0x08001660   Section        0  stm32f1xx_hal_i2c.o(i.I2C_WaitOnMasterAddressFlagUntilTimeout)
    I2C_WaitOnMasterAddressFlagUntilTimeout  0x08001661   Thumb Code   136  stm32f1xx_hal_i2c.o(i.I2C_WaitOnMasterAddressFlagUntilTimeout)
    i.I2C_WaitOnTXEFlagUntilTimeout          0x080016e8   Section        0  stm32f1xx_hal_i2c.o(i.I2C_WaitOnTXEFlagUntilTimeout)
    I2C_WaitOnTXEFlagUntilTimeout            0x080016e9   Thumb Code    78  stm32f1xx_hal_i2c.o(i.I2C_WaitOnTXEFlagUntilTimeout)
    i.Licznik                                0x08001738   Section        0  main.o(i.Licznik)
    i.MX_GPIO_Init                           0x08001870   Section        0  main.o(i.MX_GPIO_Init)
    MX_GPIO_Init                             0x08001871   Thumb Code   160  main.o(i.MX_GPIO_Init)
    i.MX_I2C1_Init                           0x08001920   Section        0  main.o(i.MX_I2C1_Init)
    MX_I2C1_Init                             0x08001921   Thumb Code    44  main.o(i.MX_I2C1_Init)
    i.MX_I2C2_Init                           0x08001958   Section        0  main.o(i.MX_I2C2_Init)
    MX_I2C2_Init                             0x08001959   Thumb Code    44  main.o(i.MX_I2C2_Init)
    i.MX_USB_DEVICE_Init                     0x08001990   Section        0  usb_device.o(i.MX_USB_DEVICE_Init)
    i.NVIC_SetPriority                       0x080019c8   Section        0  stm32f1xx_hal_cortex.o(i.NVIC_SetPriority)
    NVIC_SetPriority                         0x080019c9   Thumb Code    32  stm32f1xx_hal_cortex.o(i.NVIC_SetPriority)
    i.PCD_EP_ISR_Handler                     0x080019e8   Section        0  stm32f1xx_hal_pcd.o(i.PCD_EP_ISR_Handler)
    PCD_EP_ISR_Handler                       0x080019e9   Thumb Code   866  stm32f1xx_hal_pcd.o(i.PCD_EP_ISR_Handler)
    i.Pozycja                                0x08001d4c   Section        0  main.o(i.Pozycja)
    i.SysTick_Handler                        0x08001f24   Section        0  stm32f1xx_it.o(i.SysTick_Handler)
    i.SystemClock_Config                     0x08001f32   Section        0  main.o(i.SystemClock_Config)
    i.SystemInit                             0x08001fac   Section        0  system_stm32f1xx.o(i.SystemInit)
    i.USBD_CDC_DataIn                        0x08001ff4   Section        0  usbd_cdc.o(i.USBD_CDC_DataIn)
    USBD_CDC_DataIn                          0x08001ff5   Thumb Code    20  usbd_cdc.o(i.USBD_CDC_DataIn)
    i.USBD_CDC_DataOut                       0x08002008   Section        0  usbd_cdc.o(i.USBD_CDC_DataOut)
    USBD_CDC_DataOut                         0x08002009   Thumb Code    46  usbd_cdc.o(i.USBD_CDC_DataOut)
    i.USBD_CDC_DeInit                        0x08002036   Section        0  usbd_cdc.o(i.USBD_CDC_DeInit)
    USBD_CDC_DeInit                          0x08002037   Thumb Code    60  usbd_cdc.o(i.USBD_CDC_DeInit)
    i.USBD_CDC_EP0_RxReady                   0x08002072   Section        0  usbd_cdc.o(i.USBD_CDC_EP0_RxReady)
    USBD_CDC_EP0_RxReady                     0x08002073   Thumb Code    36  usbd_cdc.o(i.USBD_CDC_EP0_RxReady)
    i.USBD_CDC_GetDeviceQualifierDescriptor  0x08002098   Section        0  usbd_cdc.o(i.USBD_CDC_GetDeviceQualifierDescriptor)
    i.USBD_CDC_GetFSCfgDesc                  0x080020a4   Section        0  usbd_cdc.o(i.USBD_CDC_GetFSCfgDesc)
    USBD_CDC_GetFSCfgDesc                    0x080020a5   Thumb Code     8  usbd_cdc.o(i.USBD_CDC_GetFSCfgDesc)
    i.USBD_CDC_GetHSCfgDesc                  0x080020b0   Section        0  usbd_cdc.o(i.USBD_CDC_GetHSCfgDesc)
    USBD_CDC_GetHSCfgDesc                    0x080020b1   Thumb Code     8  usbd_cdc.o(i.USBD_CDC_GetHSCfgDesc)
    i.USBD_CDC_GetOtherSpeedCfgDesc          0x080020bc   Section        0  usbd_cdc.o(i.USBD_CDC_GetOtherSpeedCfgDesc)
    USBD_CDC_GetOtherSpeedCfgDesc            0x080020bd   Thumb Code     8  usbd_cdc.o(i.USBD_CDC_GetOtherSpeedCfgDesc)
    i.USBD_CDC_Init                          0x080020c8   Section        0  usbd_cdc.o(i.USBD_CDC_Init)
    USBD_CDC_Init                            0x080020c9   Thumb Code   136  usbd_cdc.o(i.USBD_CDC_Init)
    i.USBD_CDC_ReceivePacket                 0x08002150   Section        0  usbd_cdc.o(i.USBD_CDC_ReceivePacket)
    i.USBD_CDC_RegisterInterface             0x08002178   Section        0  usbd_cdc.o(i.USBD_CDC_RegisterInterface)
    i.USBD_CDC_SetRxBuffer                   0x08002188   Section        0  usbd_cdc.o(i.USBD_CDC_SetRxBuffer)
    i.USBD_CDC_SetTxBuffer                   0x08002194   Section        0  usbd_cdc.o(i.USBD_CDC_SetTxBuffer)
    i.USBD_CDC_Setup                         0x080021a4   Section        0  usbd_cdc.o(i.USBD_CDC_Setup)
    USBD_CDC_Setup                           0x080021a5   Thumb Code   106  usbd_cdc.o(i.USBD_CDC_Setup)
    i.USBD_ClrClassConfig                    0x08002214   Section        0  usbd_core.o(i.USBD_ClrClassConfig)
    i.USBD_CtlContinueRx                     0x08002222   Section        0  usbd_ioreq.o(i.USBD_CtlContinueRx)
    i.USBD_CtlContinueSendData               0x08002232   Section        0  usbd_ioreq.o(i.USBD_CtlContinueSendData)
    i.USBD_CtlError                          0x08002242   Section        0  usbd_ctlreq.o(i.USBD_CtlError)
    i.USBD_CtlPrepareRx                      0x08002258   Section        0  usbd_ioreq.o(i.USBD_CtlPrepareRx)
    i.USBD_CtlReceiveStatus                  0x08002276   Section        0  usbd_ioreq.o(i.USBD_CtlReceiveStatus)
    i.USBD_CtlSendData                       0x0800228c   Section        0  usbd_ioreq.o(i.USBD_CtlSendData)
    i.USBD_CtlSendStatus                     0x080022a6   Section        0  usbd_ioreq.o(i.USBD_CtlSendStatus)
    i.USBD_FS_ConfigStrDescriptor            0x080022bc   Section        0  usbd_desc.o(i.USBD_FS_ConfigStrDescriptor)
    i.USBD_FS_DeviceDescriptor               0x080022dc   Section        0  usbd_desc.o(i.USBD_FS_DeviceDescriptor)
    i.USBD_FS_InterfaceStrDescriptor         0x080022e8   Section        0  usbd_desc.o(i.USBD_FS_InterfaceStrDescriptor)
    i.USBD_FS_LangIDStrDescriptor            0x0800230c   Section        0  usbd_desc.o(i.USBD_FS_LangIDStrDescriptor)
    i.USBD_FS_ManufacturerStrDescriptor      0x08002318   Section        0  usbd_desc.o(i.USBD_FS_ManufacturerStrDescriptor)
    i.USBD_FS_ProductStrDescriptor           0x08002340   Section        0  usbd_desc.o(i.USBD_FS_ProductStrDescriptor)
    i.USBD_FS_SerialStrDescriptor            0x0800236c   Section        0  usbd_desc.o(i.USBD_FS_SerialStrDescriptor)
    i.USBD_GetDescriptor                     0x08002390   Section        0  usbd_ctlreq.o(i.USBD_GetDescriptor)
    USBD_GetDescriptor                       0x08002391   Thumb Code   224  usbd_ctlreq.o(i.USBD_GetDescriptor)
    i.USBD_GetString                         0x08002470   Section        0  usbd_ctlreq.o(i.USBD_GetString)
    i.USBD_Init                              0x080024b6   Section        0  usbd_core.o(i.USBD_Init)
    i.USBD_LL_ClearStallEP                   0x080024e0   Section        0  usbd_conf.o(i.USBD_LL_ClearStallEP)
    i.USBD_LL_CloseEP                        0x08002500   Section        0  usbd_conf.o(i.USBD_LL_CloseEP)
    i.USBD_LL_DataInStage                    0x08002520   Section        0  usbd_core.o(i.USBD_LL_DataInStage)
    i.USBD_LL_DataOutStage                   0x080025ca   Section        0  usbd_core.o(i.USBD_LL_DataOutStage)
    i.USBD_LL_GetRxDataSize                  0x08002634   Section        0  usbd_conf.o(i.USBD_LL_GetRxDataSize)
    i.USBD_LL_Init                           0x0800263c   Section        0  usbd_conf.o(i.USBD_LL_Init)
    i.USBD_LL_IsStallEP                      0x080026dc   Section        0  usbd_conf.o(i.USBD_LL_IsStallEP)
    i.USBD_LL_OpenEP                         0x080026f8   Section        0  usbd_conf.o(i.USBD_LL_OpenEP)
    i.USBD_LL_PrepareReceive                 0x0800271e   Section        0  usbd_conf.o(i.USBD_LL_PrepareReceive)
    i.USBD_LL_Reset                          0x0800273e   Section        0  usbd_core.o(i.USBD_LL_Reset)
    i.USBD_LL_Resume                         0x0800277c   Section        0  usbd_core.o(i.USBD_LL_Resume)
    i.USBD_LL_SOF                            0x08002788   Section        0  usbd_core.o(i.USBD_LL_SOF)
    i.USBD_LL_SetSpeed                       0x080027a0   Section        0  usbd_core.o(i.USBD_LL_SetSpeed)
    i.USBD_LL_SetUSBAddress                  0x080027a6   Section        0  usbd_conf.o(i.USBD_LL_SetUSBAddress)
    i.USBD_LL_SetupStage                     0x080027c6   Section        0  usbd_core.o(i.USBD_LL_SetupStage)
    i.USBD_LL_StallEP                        0x08002820   Section        0  usbd_conf.o(i.USBD_LL_StallEP)
    i.USBD_LL_Start                          0x08002840   Section        0  usbd_conf.o(i.USBD_LL_Start)
    i.USBD_LL_Suspend                        0x08002860   Section        0  usbd_core.o(i.USBD_LL_Suspend)
    i.USBD_LL_Transmit                       0x08002872   Section        0  usbd_conf.o(i.USBD_LL_Transmit)
    i.USBD_ParseSetupRequest                 0x08002892   Section        0  usbd_ctlreq.o(i.USBD_ParseSetupRequest)
    i.USBD_RegisterClass                     0x080028ba   Section        0  usbd_core.o(i.USBD_RegisterClass)
    i.USBD_SetClassConfig                    0x080028ca   Section        0  usbd_core.o(i.USBD_SetClassConfig)
    i.USBD_SetConfig                         0x080028e0   Section        0  usbd_ctlreq.o(i.USBD_SetConfig)
    USBD_SetConfig                           0x080028e1   Thumb Code   110  usbd_ctlreq.o(i.USBD_SetConfig)
    i.USBD_Start                             0x08002954   Section        0  usbd_core.o(i.USBD_Start)
    i.USBD_StdDevReq                         0x0800295e   Section        0  usbd_ctlreq.o(i.USBD_StdDevReq)
    i.USBD_StdEPReq                          0x08002a50   Section        0  usbd_ctlreq.o(i.USBD_StdEPReq)
    i.USBD_StdItfReq                         0x08002b2c   Section        0  usbd_ctlreq.o(i.USBD_StdItfReq)
    i.USBD_static_free                       0x08002b60   Section        0  usbd_conf.o(i.USBD_static_free)
    i.USBD_static_malloc                     0x08002b64   Section        0  usbd_conf.o(i.USBD_static_malloc)
    i.USB_ActivateEndpoint                   0x08002b6c   Section        0  stm32f1xx_ll_usb.o(i.USB_ActivateEndpoint)
    i.USB_CoreInit                           0x08002dc8   Section        0  stm32f1xx_ll_usb.o(i.USB_CoreInit)
    i.USB_DeactivateEndpoint                 0x08002dcc   Section        0  stm32f1xx_ll_usb.o(i.USB_DeactivateEndpoint)
    i.USB_DevConnect                         0x08002ef0   Section        0  stm32f1xx_ll_usb.o(i.USB_DevConnect)
    i.USB_DevDisconnect                      0x08002ef4   Section        0  stm32f1xx_ll_usb.o(i.USB_DevDisconnect)
    i.USB_DevInit                            0x08002ef8   Section        0  stm32f1xx_ll_usb.o(i.USB_DevInit)
    i.USB_DisableGlobalInt                   0x08002f16   Section        0  stm32f1xx_ll_usb.o(i.USB_DisableGlobalInt)
    i.USB_EP0_OutStart                       0x08002f24   Section        0  stm32f1xx_ll_usb.o(i.USB_EP0_OutStart)
    i.USB_EPClearStall                       0x08002f28   Section        0  stm32f1xx_ll_usb.o(i.USB_EPClearStall)
    i.USB_EPSetStall                         0x08002f92   Section        0  stm32f1xx_ll_usb.o(i.USB_EPSetStall)
    i.USB_EPStartXfer                        0x08002fdc   Section        0  stm32f1xx_ll_usb.o(i.USB_EPStartXfer)
    i.USB_EnableGlobalInt                    0x08003186   Section        0  stm32f1xx_ll_usb.o(i.USB_EnableGlobalInt)
    i.USB_LP_CAN1_RX0_IRQHandler             0x08003194   Section        0  stm32f1xx_it.o(i.USB_LP_CAN1_RX0_IRQHandler)
    i.USB_ReadInterrupts                     0x080031a0   Section        0  stm32f1xx_ll_usb.o(i.USB_ReadInterrupts)
    i.USB_ReadPMA                            0x080031a8   Section        0  stm32f1xx_ll_usb.o(i.USB_ReadPMA)
    i.USB_SetCurrentMode                     0x080031c6   Section        0  stm32f1xx_ll_usb.o(i.USB_SetCurrentMode)
    i.USB_SetDevAddress                      0x080031ca   Section        0  stm32f1xx_ll_usb.o(i.USB_SetDevAddress)
    i.USB_WritePMA                           0x080031d6   Section        0  stm32f1xx_ll_usb.o(i.USB_WritePMA)
    i._Error_Handler                         0x080031fc   Section        0  main.o(i._Error_Handler)
    i.__0sprintf$6                           0x08003200   Section        0  printf6.o(i.__0sprintf$6)
    i.__scatterload_copy                     0x08003228   Section       14  handlers.o(i.__scatterload_copy)
    i.__scatterload_null                     0x08003236   Section        2  handlers.o(i.__scatterload_null)
    i.__scatterload_zeroinit                 0x08003238   Section       14  handlers.o(i.__scatterload_zeroinit)
    i._printf_core                           0x08003248   Section        0  printf6.o(i._printf_core)
    _printf_core                             0x08003249   Thumb Code   748  printf6.o(i._printf_core)
    i._printf_post_padding                   0x08003538   Section        0  printf6.o(i._printf_post_padding)
    _printf_post_padding                     0x08003539   Thumb Code    36  printf6.o(i._printf_post_padding)
    i._printf_pre_padding                    0x0800355c   Section        0  printf6.o(i._printf_pre_padding)
    _printf_pre_padding                      0x0800355d   Thumb Code    46  printf6.o(i._printf_pre_padding)
    i._sputc                                 0x0800358a   Section        0  printf6.o(i._sputc)
    _sputc                                   0x0800358b   Thumb Code    10  printf6.o(i._sputc)
    i.lcdCommand                             0x08003594   Section        0  lcd_hd44780_i2c.o(i.lcdCommand)
    i.lcdInit                                0x08003650   Section        0  lcd_hd44780_i2c.o(i.lcdInit)
    i.lcdPrintChar                           0x08003734   Section        0  lcd_hd44780_i2c.o(i.lcdPrintChar)
    i.lcdPrintStr                            0x08003740   Section        0  lcd_hd44780_i2c.o(i.lcdPrintStr)
    i.lcdSetCursorPosition                   0x08003774   Section        0  lcd_hd44780_i2c.o(i.lcdSetCursorPosition)
    i.lcdWriteByte                           0x080037a4   Section        0  lcd_hd44780_i2c.o(i.lcdWriteByte)
    lcdWriteByte                             0x080037a5   Thumb Code   112  lcd_hd44780_i2c.o(i.lcdWriteByte)
    i.lcd_Start                              0x0800381c   Section        0  main.o(i.lcd_Start)
    i.main                                   0x08003898   Section        0  main.o(i.main)
    .constdata                               0x08003a74   Section       36  main.o(.constdata)
    .constdata                               0x08003a98   Section        4  lcd_hd44780_i2c.o(.constdata)
    lineOffsets                              0x08003a98   Data           4  lcd_hd44780_i2c.o(.constdata)
    .constdata                               0x08003a9c   Section       16  system_stm32f1xx.o(.constdata)
    .constdata                               0x08003aac   Section        8  system_stm32f1xx.o(.constdata)
    .conststrlit                             0x08003ab4   Section       56  main.o(.conststrlit)
    .data                                    0x20000000   Section       28  usbd_desc.o(.data)
    .data                                    0x2000001c   Section       22  usbd_desc.o(.data)
    .data                                    0x20000034   Section       16  usbd_cdc_if.o(.data)
    .data                                    0x20000044   Section        6  lcd_hd44780_i2c.o(.data)
    .data                                    0x2000004c   Section       12  stm32f1xx_hal.o(.data)
    .data                                    0x20000058   Section        4  system_stm32f1xx.o(.data)
    .data                                    0x2000005c   Section        1  usbd_ctlreq.o(.data)
    cfgidx                                   0x2000005c   Data           1  usbd_ctlreq.o(.data)
    .data                                    0x20000060   Section      219  usbd_cdc.o(.data)
    ifalt                                    0x20000060   Data           1  usbd_cdc.o(.data)
    USBD_CDC_DeviceQualifierDesc             0x20000064   Data          10  usbd_cdc.o(.data)
    .data                                    0x2000013c   Section       56  usbd_cdc.o(.data)
    .bss                                     0x20000174   Section      168  main.o(.bss)
    .bss                                     0x2000021c   Section      548  usb_device.o(.bss)
    .bss                                     0x20000440   Section     1664  usbd_conf.o(.bss)
    mem                                      0x20000440   Data         544  usbd_conf.o(.bss)
    .bss                                     0x20000ac0   Section      512  usbd_desc.o(.bss)
    .bss                                     0x20000cc0   Section     2000  usbd_cdc_if.o(.bss)
    .bss                                     0x20001490   Section       12  lcd_hd44780_i2c.o(.bss)
    lcdParams                                0x20001490   Data          12  lcd_hd44780_i2c.o(.bss)
    STACK                                    0x200014a0   Section     1024  startup_stm32f103xb.o(STACK)

    Global Symbols

    Symbol Name                              Value     Ov Type        Size  Object(Section)

    BuildAttributes$$THM_ISAv4$P$D$K$B$S$PE$A:L22UL41UL21$X:L11$S22US41US21$IEEE1$IW$USESV6$~STKCKD$USESV7$~SHL$OSPACE$ROPI$EBA8$MICROLIB$REQ8$PRES8$EABIv2 0x00000000   Number         0  anon$$obj.o ABSOLUTE
    __ARM_use_no_argv                        0x00000000   Number         0  main.o ABSOLUTE
    _printf_a                                0x00000000   Number         0  stubs.o ABSOLUTE
    _printf_c                                0x00000000   Number         0  stubs.o ABSOLUTE
    _printf_charcount                        0x00000000   Number         0  stubs.o ABSOLUTE
    _printf_d                                0x00000000   Number         0  stubs.o ABSOLUTE
    _printf_e                                0x00000000   Number         0  stubs.o ABSOLUTE
    _printf_f                                0x00000000   Number         0  stubs.o ABSOLUTE
    _printf_flags                            0x00000000   Number         0  stubs.o ABSOLUTE
    _printf_fp_dec                           0x00000000   Number         0  stubs.o ABSOLUTE
    _printf_fp_hex                           0x00000000   Number         0  stubs.o ABSOLUTE
    _printf_g                                0x00000000   Number         0  stubs.o ABSOLUTE
    _printf_i                                0x00000000   Number         0  stubs.o ABSOLUTE
    _printf_int_dec                          0x00000000   Number         0  stubs.o ABSOLUTE
    _printf_l                                0x00000000   Number         0  stubs.o ABSOLUTE
    _printf_lc                               0x00000000   Number         0  stubs.o ABSOLUTE
    _printf_ll                               0x00000000   Number         0  stubs.o ABSOLUTE
    _printf_lld                              0x00000000   Number         0  stubs.o ABSOLUTE
    _printf_lli                              0x00000000   Number         0  stubs.o ABSOLUTE
    _printf_llo                              0x00000000   Number         0  stubs.o ABSOLUTE
    _printf_llu                              0x00000000   Number         0  stubs.o ABSOLUTE
    _printf_llx                              0x00000000   Number         0  stubs.o ABSOLUTE
    _printf_longlong_dec                     0x00000000   Number         0  stubs.o ABSOLUTE
    _printf_longlong_hex                     0x00000000   Number         0  stubs.o ABSOLUTE
    _printf_longlong_oct                     0x00000000   Number         0  stubs.o ABSOLUTE
    _printf_ls                               0x00000000   Number         0  stubs.o ABSOLUTE
    _printf_mbtowc                           0x00000000   Number         0  stubs.o ABSOLUTE
    _printf_n                                0x00000000   Number         0  stubs.o ABSOLUTE
    _printf_o                                0x00000000   Number         0  stubs.o ABSOLUTE
    _printf_p                                0x00000000   Number         0  stubs.o ABSOLUTE
    _printf_percent                          0x00000000   Number         0  stubs.o ABSOLUTE
    _printf_pre_padding                      0x00000000   Number         0  stubs.o ABSOLUTE
    _printf_return_value                     0x00000000   Number         0  stubs.o ABSOLUTE
    _printf_s                                0x00000000   Number         0  stubs.o ABSOLUTE
    _printf_sizespec                         0x00000000   Number         0  stubs.o ABSOLUTE
    _printf_str                              0x00000000   Number         0  stubs.o ABSOLUTE
    _printf_truncate_signed                  0x00000000   Number         0  stubs.o ABSOLUTE
    _printf_truncate_unsigned                0x00000000   Number         0  stubs.o ABSOLUTE
    _printf_u                                0x00000000   Number         0  stubs.o ABSOLUTE
    _printf_wc                               0x00000000   Number         0  stubs.o ABSOLUTE
    _printf_wctomb                           0x00000000   Number         0  stubs.o ABSOLUTE
    _printf_widthprec                        0x00000000   Number         0  stubs.o ABSOLUTE
    _printf_x                                0x00000000   Number         0  stubs.o ABSOLUTE
    __cpp_initialize__aeabi_                  - Undefined Weak Reference
    __cxa_finalize                            - Undefined Weak Reference
    _clock_init                               - Undefined Weak Reference
    _microlib_exit                            - Undefined Weak Reference
    __Vectors_Size                           0x000000ec   Number         0  startup_stm32f103xb.o ABSOLUTE
    __Vectors                                0x08000000   Data           4  startup_stm32f103xb.o(RESET)
    __Vectors_End                            0x080000ec   Data           0  startup_stm32f103xb.o(RESET)
    __main                                   0x080000ed   Thumb Code     0  entry.o(.ARM.Collect$$$$00000000)
    _main_stk                                0x080000ed   Thumb Code     0  entry2.o(.ARM.Collect$$$$00000001)
    _main_scatterload                        0x080000f1   Thumb Code     0  entry5.o(.ARM.Collect$$$$00000004)
    __main_after_scatterload                 0x080000f5   Thumb Code     0  entry5.o(.ARM.Collect$$$$00000004)
    _main_clock                              0x080000f5   Thumb Code     0  entry7b.o(.ARM.Collect$$$$00000008)
    _main_cpp_init                           0x080000f5   Thumb Code     0  entry8b.o(.ARM.Collect$$$$0000000A)
    _main_init                               0x080000f5   Thumb Code     0  entry9a.o(.ARM.Collect$$$$0000000B)
    __rt_final_cpp                           0x080000fd   Thumb Code     0  entry10a.o(.ARM.Collect$$$$0000000D)
    __rt_final_exit                          0x080000fd   Thumb Code     0  entry11a.o(.ARM.Collect$$$$0000000F)
    Reset_Handler                            0x08000101   Thumb Code     8  startup_stm32f103xb.o(.text)
    NMI_Handler                              0x08000109   Thumb Code     2  startup_stm32f103xb.o(.text)
    HardFault_Handler                        0x0800010b   Thumb Code     2  startup_stm32f103xb.o(.text)
    MemManage_Handler                        0x0800010d   Thumb Code     2  startup_stm32f103xb.o(.text)
    BusFault_Handler                         0x0800010f   Thumb Code     2  startup_stm32f103xb.o(.text)
    UsageFault_Handler                       0x08000111   Thumb Code     2  startup_stm32f103xb.o(.text)
    SVC_Handler                              0x08000113   Thumb Code     2  startup_stm32f103xb.o(.text)
    DebugMon_Handler                         0x08000115   Thumb Code     2  startup_stm32f103xb.o(.text)
    PendSV_Handler                           0x08000117   Thumb Code     2  startup_stm32f103xb.o(.text)
    ADC1_2_IRQHandler                        0x0800011b   Thumb Code     0  startup_stm32f103xb.o(.text)
    CAN1_RX1_IRQHandler                      0x0800011b   Thumb Code     0  startup_stm32f103xb.o(.text)
    CAN1_SCE_IRQHandler                      0x0800011b   Thumb Code     0  startup_stm32f103xb.o(.text)
    DMA1_Channel1_IRQHandler                 0x0800011b   Thumb Code     0  startup_stm32f103xb.o(.text)
    DMA1_Channel2_IRQHandler                 0x0800011b   Thumb Code     0  startup_stm32f103xb.o(.text)
    DMA1_Channel3_IRQHandler                 0x0800011b   Thumb Code     0  startup_stm32f103xb.o(.text)
    DMA1_Channel4_IRQHandler                 0x0800011b   Thumb Code     0  startup_stm32f103xb.o(.text)
    DMA1_Channel5_IRQHandler                 0x0800011b   Thumb Code     0  startup_stm32f103xb.o(.text)
    DMA1_Channel6_IRQHandler                 0x0800011b   Thumb Code     0  startup_stm32f103xb.o(.text)
    DMA1_Channel7_IRQHandler                 0x0800011b   Thumb Code     0  startup_stm32f103xb.o(.text)
    EXTI0_IRQHandler                         0x0800011b   Thumb Code     0  startup_stm32f103xb.o(.text)
    EXTI1_IRQHandler                         0x0800011b   Thumb Code     0  startup_stm32f103xb.o(.text)
    EXTI2_IRQHandler                         0x0800011b   Thumb Code     0  startup_stm32f103xb.o(.text)
    EXTI3_IRQHandler                         0x0800011b   Thumb Code     0  startup_stm32f103xb.o(.text)
    EXTI4_IRQHandler                         0x0800011b   Thumb Code     0  startup_stm32f103xb.o(.text)
    EXTI9_5_IRQHandler                       0x0800011b   Thumb Code     0  startup_stm32f103xb.o(.text)
    FLASH_IRQHandler                         0x0800011b   Thumb Code     0  startup_stm32f103xb.o(.text)
    I2C1_ER_IRQHandler                       0x0800011b   Thumb Code     0  startup_stm32f103xb.o(.text)
    I2C1_EV_IRQHandler                       0x0800011b   Thumb Code     0  startup_stm32f103xb.o(.text)
    I2C2_ER_IRQHandler                       0x0800011b   Thumb Code     0  startup_stm32f103xb.o(.text)
    I2C2_EV_IRQHandler                       0x0800011b   Thumb Code     0  startup_stm32f103xb.o(.text)
    PVD_IRQHandler                           0x0800011b   Thumb Code     0  startup_stm32f103xb.o(.text)
    RCC_IRQHandler                           0x0800011b   Thumb Code     0  startup_stm32f103xb.o(.text)
    RTC_Alarm_IRQHandler                     0x0800011b   Thumb Code     0  startup_stm32f103xb.o(.text)
    RTC_IRQHandler                           0x0800011b   Thumb Code     0  startup_stm32f103xb.o(.text)
    SPI1_IRQHandler                          0x0800011b   Thumb Code     0  startup_stm32f103xb.o(.text)
    SPI2_IRQHandler                          0x0800011b   Thumb Code     0  startup_stm32f103xb.o(.text)
    TAMPER_IRQHandler                        0x0800011b   Thumb Code     0  startup_stm32f103xb.o(.text)
    TIM1_BRK_IRQHandler                      0x0800011b   Thumb Code     0  startup_stm32f103xb.o(.text)
    TIM1_CC_IRQHandler                       0x0800011b   Thumb Code     0  startup_stm32f103xb.o(.text)
    TIM1_TRG_COM_IRQHandler                  0x0800011b   Thumb Code     0  startup_stm32f103xb.o(.text)
    TIM1_UP_IRQHandler                       0x0800011b   Thumb Code     0  startup_stm32f103xb.o(.text)
    TIM2_IRQHandler                          0x0800011b   Thumb Code     0  startup_stm32f103xb.o(.text)
    TIM3_IRQHandler                          0x0800011b   Thumb Code     0  startup_stm32f103xb.o(.text)
    TIM4_IRQHandler                          0x0800011b   Thumb Code     0  startup_stm32f103xb.o(.text)
    USART1_IRQHandler                        0x0800011b   Thumb Code     0  startup_stm32f103xb.o(.text)
    USART2_IRQHandler                        0x0800011b   Thumb Code     0  startup_stm32f103xb.o(.text)
    USART3_IRQHandler                        0x0800011b   Thumb Code     0  startup_stm32f103xb.o(.text)
    USBWakeUp_IRQHandler                     0x0800011b   Thumb Code     0  startup_stm32f103xb.o(.text)
    USB_HP_CAN1_TX_IRQHandler                0x0800011b   Thumb Code     0  startup_stm32f103xb.o(.text)
    WWDG_IRQHandler                          0x0800011b   Thumb Code     0  startup_stm32f103xb.o(.text)
    __aeabi_memcpy                           0x08000125   Thumb Code    36  memcpya.o(.text)
    __aeabi_memcpy4                          0x08000125   Thumb Code     0  memcpya.o(.text)
    __aeabi_memcpy8                          0x08000125   Thumb Code     0  memcpya.o(.text)
    __aeabi_uidiv                            0x08000149   Thumb Code     0  uidiv.o(.text)
    __aeabi_uidivmod                         0x08000149   Thumb Code    44  uidiv.o(.text)
    __scatterload                            0x08000175   Thumb Code    28  init.o(.text)
    __scatterload_rt2                        0x08000175   Thumb Code     0  init.o(.text)
    __decompress                             0x08000199   Thumb Code     0  __dczerorl2.o(.text)
    __decompress1                            0x08000199   Thumb Code    86  __dczerorl2.o(.text)
    Czas                                     0x08000235   Thumb Code   298  main.o(i.Czas)
    EXTI15_10_IRQHandler                     0x0800039d   Thumb Code     8  stm32f1xx_it.o(i.EXTI15_10_IRQHandler)
    HAL_Delay                                0x080003a5   Thumb Code    32  stm32f1xx_hal.o(i.HAL_Delay)
    HAL_GPIO_EXTI_Callback                   0x080003c9   Thumb Code     2  stm32f1xx_hal_gpio.o(i.HAL_GPIO_EXTI_Callback)
    HAL_GPIO_EXTI_IRQHandler                 0x080003cd   Thumb Code    18  stm32f1xx_hal_gpio.o(i.HAL_GPIO_EXTI_IRQHandler)
    HAL_GPIO_Init                            0x080003e5   Thumb Code   408  stm32f1xx_hal_gpio.o(i.HAL_GPIO_Init)
    HAL_GPIO_ReadPin                         0x080005a1   Thumb Code    10  stm32f1xx_hal_gpio.o(i.HAL_GPIO_ReadPin)
    HAL_GPIO_WritePin                        0x080005ab   Thumb Code    10  stm32f1xx_hal_gpio.o(i.HAL_GPIO_WritePin)
    HAL_GetTick                              0x080005b5   Thumb Code     6  stm32f1xx_hal.o(i.HAL_GetTick)
    HAL_I2C_GetState                         0x080005c1   Thumb Code     6  stm32f1xx_hal_i2c.o(i.HAL_I2C_GetState)
    HAL_I2C_Init                             0x080005c9   Thumb Code   302  stm32f1xx_hal_i2c.o(i.HAL_I2C_Init)
    HAL_I2C_Master_Transmit                  0x08000709   Thumb Code   304  stm32f1xx_hal_i2c.o(i.HAL_I2C_Master_Transmit)
    HAL_I2C_MspInit                          0x08000841   Thumb Code    92  stm32f1xx_hal_msp.o(i.HAL_I2C_MspInit)
    HAL_IncTick                              0x080008ad   Thumb Code    12  stm32f1xx_hal.o(i.HAL_IncTick)
    HAL_Init                                 0x080008bd   Thumb Code    32  stm32f1xx_hal.o(i.HAL_Init)
    HAL_InitTick                             0x080008e1   Thumb Code    54  stm32f1xx_hal.o(i.HAL_InitTick)
    HAL_MspInit                              0x08000921   Thumb Code   134  stm32f1xx_hal_msp.o(i.HAL_MspInit)
    HAL_NVIC_EnableIRQ                       0x080009b1   Thumb Code    22  stm32f1xx_hal_cortex.o(i.HAL_NVIC_EnableIRQ)
    HAL_NVIC_SetPriority                     0x080009c9   Thumb Code    60  stm32f1xx_hal_cortex.o(i.HAL_NVIC_SetPriority)
    HAL_NVIC_SetPriorityGrouping             0x08000a09   Thumb Code    26  stm32f1xx_hal_cortex.o(i.HAL_NVIC_SetPriorityGrouping)
    HAL_PCDEx_PMAConfig                      0x08000a2d   Thumb Code    52  stm32f1xx_hal_pcd_ex.o(i.HAL_PCDEx_PMAConfig)
    HAL_PCDEx_SetConnectionState             0x08000a61   Thumb Code     2  usbd_conf.o(i.HAL_PCDEx_SetConnectionState)
    HAL_PCD_DataInStageCallback              0x08000a63   Thumb Code    14  usbd_conf.o(i.HAL_PCD_DataInStageCallback)
    HAL_PCD_DataOutStageCallback             0x08000a71   Thumb Code    16  usbd_conf.o(i.HAL_PCD_DataOutStageCallback)
    HAL_PCD_EP_Close                         0x08000a81   Thumb Code    64  stm32f1xx_hal_pcd.o(i.HAL_PCD_EP_Close)
    HAL_PCD_EP_ClrStall                      0x08000ac1   Thumb Code    72  stm32f1xx_hal_pcd.o(i.HAL_PCD_EP_ClrStall)
    HAL_PCD_EP_GetRxCount                    0x08000b09   Thumb Code    16  stm32f1xx_hal_pcd.o(i.HAL_PCD_EP_GetRxCount)
    HAL_PCD_EP_Open                          0x08000b19   Thumb Code    68  stm32f1xx_hal_pcd.o(i.HAL_PCD_EP_Open)
    HAL_PCD_EP_Receive                       0x08000b5d   Thumb Code    46  stm32f1xx_hal_pcd.o(i.HAL_PCD_EP_Receive)
    HAL_PCD_EP_SetStall                      0x08000b8b   Thumb Code    86  stm32f1xx_hal_pcd.o(i.HAL_PCD_EP_SetStall)
    HAL_PCD_EP_Transmit                      0x08000be1   Thumb Code    42  stm32f1xx_hal_pcd.o(i.HAL_PCD_EP_Transmit)
    HAL_PCD_IRQHandler                       0x08000c0b   Thumb Code   268  stm32f1xx_hal_pcd.o(i.HAL_PCD_IRQHandler)
    HAL_PCD_Init                             0x08000d19   Thumb Code   192  stm32f1xx_hal_pcd.o(i.HAL_PCD_Init)
    HAL_PCD_MspInit                          0x08000dd9   Thumb Code    50  usbd_conf.o(i.HAL_PCD_MspInit)
    HAL_PCD_ResetCallback                    0x08000e15   Thumb Code    26  usbd_conf.o(i.HAL_PCD_ResetCallback)
    HAL_PCD_ResumeCallback                   0x08000e2f   Thumb Code     8  usbd_conf.o(i.HAL_PCD_ResumeCallback)
    HAL_PCD_SOFCallback                      0x08000e37   Thumb Code     8  usbd_conf.o(i.HAL_PCD_SOFCallback)
    HAL_PCD_SetAddress                       0x08000e3f   Thumb Code    40  stm32f1xx_hal_pcd.o(i.HAL_PCD_SetAddress)
    HAL_PCD_SetupStageCallback               0x08000e67   Thumb Code    14  usbd_conf.o(i.HAL_PCD_SetupStageCallback)
    HAL_PCD_Start                            0x08000e75   Thumb Code    50  stm32f1xx_hal_pcd.o(i.HAL_PCD_Start)
    HAL_PCD_SuspendCallback                  0x08000ea9   Thumb Code    30  usbd_conf.o(i.HAL_PCD_SuspendCallback)
    HAL_RCCEx_PeriphCLKConfig                0x08000ecd   Thumb Code   224  stm32f1xx_hal_rcc_ex.o(i.HAL_RCCEx_PeriphCLKConfig)
    HAL_RCC_ClockConfig                      0x08000fb9   Thumb Code   322  stm32f1xx_hal_rcc.o(i.HAL_RCC_ClockConfig)
    HAL_RCC_GetHCLKFreq                      0x0800110d   Thumb Code     6  stm32f1xx_hal_rcc.o(i.HAL_RCC_GetHCLKFreq)
    HAL_RCC_GetPCLK1Freq                     0x08001119   Thumb Code    20  stm32f1xx_hal_rcc.o(i.HAL_RCC_GetPCLK1Freq)
    HAL_RCC_GetSysClockFreq                  0x08001139   Thumb Code    74  stm32f1xx_hal_rcc.o(i.HAL_RCC_GetSysClockFreq)
    HAL_RCC_OscConfig                        0x080011a5   Thumb Code   750  stm32f1xx_hal_rcc.o(i.HAL_RCC_OscConfig)
    HAL_SYSTICK_CLKSourceConfig              0x080014a9   Thumb Code    24  stm32f1xx_hal_cortex.o(i.HAL_SYSTICK_CLKSourceConfig)
    HAL_SYSTICK_Callback                     0x080014c1   Thumb Code     2  stm32f1xx_hal_cortex.o(i.HAL_SYSTICK_Callback)
    HAL_SYSTICK_Config                       0x080014c3   Thumb Code    40  stm32f1xx_hal_cortex.o(i.HAL_SYSTICK_Config)
    HAL_SYSTICK_IRQHandler                   0x080014eb   Thumb Code     8  stm32f1xx_hal_cortex.o(i.HAL_SYSTICK_IRQHandler)
    Licznik                                  0x08001739   Thumb Code   252  main.o(i.Licznik)
    MX_USB_DEVICE_Init                       0x08001991   Thumb Code    38  usb_device.o(i.MX_USB_DEVICE_Init)
    Pozycja                                  0x08001d4d   Thumb Code   412  main.o(i.Pozycja)
    SysTick_Handler                          0x08001f25   Thumb Code    14  stm32f1xx_it.o(i.SysTick_Handler)
    SystemClock_Config                       0x08001f33   Thumb Code   122  main.o(i.SystemClock_Config)
    SystemInit                               0x08001fad   Thumb Code    56  system_stm32f1xx.o(i.SystemInit)
    USBD_CDC_GetDeviceQualifierDescriptor    0x08002099   Thumb Code     8  usbd_cdc.o(i.USBD_CDC_GetDeviceQualifierDescriptor)
    USBD_CDC_ReceivePacket                   0x08002151   Thumb Code    40  usbd_cdc.o(i.USBD_CDC_ReceivePacket)
    USBD_CDC_RegisterInterface               0x08002179   Thumb Code    16  usbd_cdc.o(i.USBD_CDC_RegisterInterface)
    USBD_CDC_SetRxBuffer                     0x08002189   Thumb Code    12  usbd_cdc.o(i.USBD_CDC_SetRxBuffer)
    USBD_CDC_SetTxBuffer                     0x08002195   Thumb Code    16  usbd_cdc.o(i.USBD_CDC_SetTxBuffer)
    USBD_ClrClassConfig                      0x08002215   Thumb Code    14  usbd_core.o(i.USBD_ClrClassConfig)
    USBD_CtlContinueRx                       0x08002223   Thumb Code    16  usbd_ioreq.o(i.USBD_CtlContinueRx)
    USBD_CtlContinueSendData                 0x08002233   Thumb Code    16  usbd_ioreq.o(i.USBD_CtlContinueSendData)
    USBD_CtlError                            0x08002243   Thumb Code    22  usbd_ctlreq.o(i.USBD_CtlError)
    USBD_CtlPrepareRx                        0x08002259   Thumb Code    30  usbd_ioreq.o(i.USBD_CtlPrepareRx)
    USBD_CtlReceiveStatus                    0x08002277   Thumb Code    22  usbd_ioreq.o(i.USBD_CtlReceiveStatus)
    USBD_CtlSendData                         0x0800228d   Thumb Code    26  usbd_ioreq.o(i.USBD_CtlSendData)
    USBD_CtlSendStatus                       0x080022a7   Thumb Code    22  usbd_ioreq.o(i.USBD_CtlSendStatus)
    USBD_FS_ConfigStrDescriptor              0x080022bd   Thumb Code    16  usbd_desc.o(i.USBD_FS_ConfigStrDescriptor)
    USBD_FS_DeviceDescriptor                 0x080022dd   Thumb Code     8  usbd_desc.o(i.USBD_FS_DeviceDescriptor)
    USBD_FS_InterfaceStrDescriptor           0x080022e9   Thumb Code    16  usbd_desc.o(i.USBD_FS_InterfaceStrDescriptor)
    USBD_FS_LangIDStrDescriptor              0x0800230d   Thumb Code     8  usbd_desc.o(i.USBD_FS_LangIDStrDescriptor)
    USBD_FS_ManufacturerStrDescriptor        0x08002319   Thumb Code    16  usbd_desc.o(i.USBD_FS_ManufacturerStrDescriptor)
    USBD_FS_ProductStrDescriptor             0x08002341   Thumb Code    16  usbd_desc.o(i.USBD_FS_ProductStrDescriptor)
    USBD_FS_SerialStrDescriptor              0x0800236d   Thumb Code    16  usbd_desc.o(i.USBD_FS_SerialStrDescriptor)
    USBD_GetString                           0x08002471   Thumb Code    70  usbd_ctlreq.o(i.USBD_GetString)
    USBD_Init                                0x080024b7   Thumb Code    42  usbd_core.o(i.USBD_Init)
    USBD_LL_ClearStallEP                     0x080024e1   Thumb Code    32  usbd_conf.o(i.USBD_LL_ClearStallEP)
    USBD_LL_CloseEP                          0x08002501   Thumb Code    32  usbd_conf.o(i.USBD_LL_CloseEP)
    USBD_LL_DataInStage                      0x08002521   Thumb Code   170  usbd_core.o(i.USBD_LL_DataInStage)
    USBD_LL_DataOutStage                     0x080025cb   Thumb Code   106  usbd_core.o(i.USBD_LL_DataOutStage)
    USBD_LL_GetRxDataSize                    0x08002635   Thumb Code     8  usbd_conf.o(i.USBD_LL_GetRxDataSize)
    USBD_LL_Init                             0x0800263d   Thumb Code   130  usbd_conf.o(i.USBD_LL_Init)
    USBD_LL_IsStallEP                        0x080026dd   Thumb Code    28  usbd_conf.o(i.USBD_LL_IsStallEP)
    USBD_LL_OpenEP                           0x080026f9   Thumb Code    38  usbd_conf.o(i.USBD_LL_OpenEP)
    USBD_LL_PrepareReceive                   0x0800271f   Thumb Code    32  usbd_conf.o(i.USBD_LL_PrepareReceive)
    USBD_LL_Reset                            0x0800273f   Thumb Code    62  usbd_core.o(i.USBD_LL_Reset)
    USBD_LL_Resume                           0x0800277d   Thumb Code    12  usbd_core.o(i.USBD_LL_Resume)
    USBD_LL_SOF                              0x08002789   Thumb Code    24  usbd_core.o(i.USBD_LL_SOF)
    USBD_LL_SetSpeed                         0x080027a1   Thumb Code     6  usbd_core.o(i.USBD_LL_SetSpeed)
    USBD_LL_SetUSBAddress                    0x080027a7   Thumb Code    32  usbd_conf.o(i.USBD_LL_SetUSBAddress)
    USBD_LL_SetupStage                       0x080027c7   Thumb Code    90  usbd_core.o(i.USBD_LL_SetupStage)
    USBD_LL_StallEP                          0x08002821   Thumb Code    32  usbd_conf.o(i.USBD_LL_StallEP)
    USBD_LL_Start                            0x08002841   Thumb Code    32  usbd_conf.o(i.USBD_LL_Start)
    USBD_LL_Suspend                          0x08002861   Thumb Code    18  usbd_core.o(i.USBD_LL_Suspend)
    USBD_LL_Transmit                         0x08002873   Thumb Code    32  usbd_conf.o(i.USBD_LL_Transmit)
    USBD_ParseSetupRequest                   0x08002893   Thumb Code    40  usbd_ctlreq.o(i.USBD_ParseSetupRequest)
    USBD_RegisterClass                       0x080028bb   Thumb Code    16  usbd_core.o(i.USBD_RegisterClass)
    USBD_SetClassConfig                      0x080028cb   Thumb Code    22  usbd_core.o(i.USBD_SetClassConfig)
    USBD_Start                               0x08002955   Thumb Code    10  usbd_core.o(i.USBD_Start)
    USBD_StdDevReq                           0x0800295f   Thumb Code   242  usbd_ctlreq.o(i.USBD_StdDevReq)
    USBD_StdEPReq                            0x08002a51   Thumb Code   220  usbd_ctlreq.o(i.USBD_StdEPReq)
    USBD_StdItfReq                           0x08002b2d   Thumb Code    52  usbd_ctlreq.o(i.USBD_StdItfReq)
    USBD_static_free                         0x08002b61   Thumb Code     2  usbd_conf.o(i.USBD_static_free)
    USBD_static_malloc                       0x08002b65   Thumb Code     4  usbd_conf.o(i.USBD_static_malloc)
    USB_ActivateEndpoint                     0x08002b6d   Thumb Code   604  stm32f1xx_ll_usb.o(i.USB_ActivateEndpoint)
    USB_CoreInit                             0x08002dc9   Thumb Code     4  stm32f1xx_ll_usb.o(i.USB_CoreInit)
    USB_DeactivateEndpoint                   0x08002dcd   Thumb Code   292  stm32f1xx_ll_usb.o(i.USB_DeactivateEndpoint)
    USB_DevConnect                           0x08002ef1   Thumb Code     4  stm32f1xx_ll_usb.o(i.USB_DevConnect)
    USB_DevDisconnect                        0x08002ef5   Thumb Code     4  stm32f1xx_ll_usb.o(i.USB_DevDisconnect)
    USB_DevInit                              0x08002ef9   Thumb Code    30  stm32f1xx_ll_usb.o(i.USB_DevInit)
    USB_DisableGlobalInt                     0x08002f17   Thumb Code    14  stm32f1xx_ll_usb.o(i.USB_DisableGlobalInt)
    USB_EP0_OutStart                         0x08002f25   Thumb Code     4  stm32f1xx_ll_usb.o(i.USB_EP0_OutStart)
    USB_EPClearStall                         0x08002f29   Thumb Code   106  stm32f1xx_ll_usb.o(i.USB_EPClearStall)
    USB_EPSetStall                           0x08002f93   Thumb Code    74  stm32f1xx_ll_usb.o(i.USB_EPSetStall)
    USB_EPStartXfer                          0x08002fdd   Thumb Code   426  stm32f1xx_ll_usb.o(i.USB_EPStartXfer)
    USB_EnableGlobalInt                      0x08003187   Thumb Code    14  stm32f1xx_ll_usb.o(i.USB_EnableGlobalInt)
    USB_LP_CAN1_RX0_IRQHandler               0x08003195   Thumb Code     6  stm32f1xx_it.o(i.USB_LP_CAN1_RX0_IRQHandler)
    USB_ReadInterrupts                       0x080031a1   Thumb Code     6  stm32f1xx_ll_usb.o(i.USB_ReadInterrupts)
    USB_ReadPMA                              0x080031a9   Thumb Code    30  stm32f1xx_ll_usb.o(i.USB_ReadPMA)
    USB_SetCurrentMode                       0x080031c7   Thumb Code     4  stm32f1xx_ll_usb.o(i.USB_SetCurrentMode)
    USB_SetDevAddress                        0x080031cb   Thumb Code    12  stm32f1xx_ll_usb.o(i.USB_SetDevAddress)
    USB_WritePMA                             0x080031d7   Thumb Code    38  stm32f1xx_ll_usb.o(i.USB_WritePMA)
    _Error_Handler                           0x080031fd   Thumb Code     2  main.o(i._Error_Handler)
    __0sprintf$6                             0x08003201   Thumb Code    34  printf6.o(i.__0sprintf$6)
    __1sprintf$6                             0x08003201   Thumb Code     0  printf6.o(i.__0sprintf$6)
    __2sprintf                               0x08003201   Thumb Code     0  printf6.o(i.__0sprintf$6)
    __scatterload_copy                       0x08003229   Thumb Code    14  handlers.o(i.__scatterload_copy)
    __scatterload_null                       0x08003237   Thumb Code     2  handlers.o(i.__scatterload_null)
    __scatterload_zeroinit                   0x08003239   Thumb Code    14  handlers.o(i.__scatterload_zeroinit)
    lcdCommand                               0x08003595   Thumb Code   184  lcd_hd44780_i2c.o(i.lcdCommand)
    lcdInit                                  0x08003651   Thumb Code   218  lcd_hd44780_i2c.o(i.lcdInit)
    lcdPrintChar                             0x08003735   Thumb Code    12  lcd_hd44780_i2c.o(i.lcdPrintChar)
    lcdPrintStr                              0x08003741   Thumb Code    50  lcd_hd44780_i2c.o(i.lcdPrintStr)
    lcdSetCursorPosition                     0x08003775   Thumb Code    38  lcd_hd44780_i2c.o(i.lcdSetCursorPosition)
    lcd_Start                                0x0800381d   Thumb Code    80  main.o(i.lcd_Start)
    main                                     0x08003899   Thumb Code   452  main.o(i.main)
    AHBPrescTable                            0x08003a9c   Data          16  system_stm32f1xx.o(.constdata)
    APBPrescTable                            0x08003aac   Data           8  system_stm32f1xx.o(.constdata)
    Region$$Table$$Base                      0x08003aec   Number         0  anon$$obj.o(Region$$Table)
    Region$$Table$$Limit                     0x08003b0c   Number         0  anon$$obj.o(Region$$Table)
    FS_Desc                                  0x20000000   Data          28  usbd_desc.o(.data)
    USBD_LangIDDesc                          0x2000001c   Data           4  usbd_desc.o(.data)
    USBD_FS_DeviceDesc                       0x20000020   Data          18  usbd_desc.o(.data)
    USBD_Interface_fops_FS                   0x20000034   Data          16  usbd_cdc_if.o(.data)
    lcdCommandBuffer                         0x20000044   Data           6  lcd_hd44780_i2c.o(.data)
    uwTickFreq                               0x2000004c   Data           1  stm32f1xx_hal.o(.data)
    uwTickPrio                               0x20000050   Data           4  stm32f1xx_hal.o(.data)
    uwTick                                   0x20000054   Data           4  stm32f1xx_hal.o(.data)
    SystemCoreClock                          0x20000058   Data           4  system_stm32f1xx.o(.data)
    USBD_CDC_CfgHSDesc                       0x20000070   Data          67  usbd_cdc.o(.data)
    USBD_CDC_CfgFSDesc                       0x200000b4   Data          67  usbd_cdc.o(.data)
    USBD_CDC_OtherSpeedCfgDesc               0x200000f8   Data          67  usbd_cdc.o(.data)
    USBD_CDC                                 0x2000013c   Data          56  usbd_cdc.o(.data)
    hi2c1                                    0x20000174   Data          84  main.o(.bss)
    hi2c2                                    0x200001c8   Data          84  main.o(.bss)
    hUsbDeviceFS                             0x2000021c   Data         548  usb_device.o(.bss)
    hpcd_USB_FS                              0x20000660   Data        1120  usbd_conf.o(.bss)
    USBD_StrDesc                             0x20000ac0   Data         512  usbd_desc.o(.bss)
    UserRxBufferFS                           0x20000cc0   Data        1000  usbd_cdc_if.o(.bss)
    UserTxBufferFS                           0x200010a8   Data        1000  usbd_cdc_if.o(.bss)
    __initial_sp                             0x200018a0   Data           0  startup_stm32f103xb.o(STACK)



==============================================================================

Memory Map of the image

  Image Entry point : 0x080000ed

  Load Region LR_IROM1 (Base: 0x08000000, Size: 0x00003c80, Max: 0x00020000, ABSOLUTE, COMPRESSED[0x00003bd0])

    Execution Region ER_IROM1 (Exec base: 0x08000000, Load base: 0x08000000, Size: 0x00003b0c, Max: 0x00020000, ABSOLUTE)

    Exec Addr    Load Addr    Size         Type   Attr      Idx    E Section Name        Object

    0x08000000   0x08000000   0x000000ec   Data   RO            3    RESET               startup_stm32f103xb.o
    0x080000ec   0x080000ec   0x00000000   Code   RO         2930  * .ARM.Collect$$$$00000000  mc_w.l(entry.o)
    0x080000ec   0x080000ec   0x00000004   Code   RO         3200    .ARM.Collect$$$$00000001  mc_w.l(entry2.o)
    0x080000f0   0x080000f0   0x00000004   Code   RO         3203    .ARM.Collect$$$$00000004  mc_w.l(entry5.o)
    0x080000f4   0x080000f4   0x00000000   Code   RO         3205    .ARM.Collect$$$$00000008  mc_w.l(entry7b.o)
    0x080000f4   0x080000f4   0x00000000   Code   RO         3207    .ARM.Collect$$$$0000000A  mc_w.l(entry8b.o)
    0x080000f4   0x080000f4   0x00000008   Code   RO         3208    .ARM.Collect$$$$0000000B  mc_w.l(entry9a.o)
    0x080000fc   0x080000fc   0x00000000   Code   RO         3210    .ARM.Collect$$$$0000000D  mc_w.l(entry10a.o)
    0x080000fc   0x080000fc   0x00000000   Code   RO         3212    .ARM.Collect$$$$0000000F  mc_w.l(entry11a.o)
    0x080000fc   0x080000fc   0x00000004   Code   RO         3201    .ARM.Collect$$$$00002712  mc_w.l(entry2.o)
    0x08000100   0x08000100   0x00000024   Code   RO            4    .text               startup_stm32f103xb.o
    0x08000124   0x08000124   0x00000024   Code   RO         2935    .text               mc_w.l(memcpya.o)
    0x08000148   0x08000148   0x0000002c   Code   RO         3217    .text               mc_w.l(uidiv.o)
    0x08000174   0x08000174   0x00000024   Code   RO         3232    .text               mc_w.l(init.o)
    0x08000198   0x08000198   0x00000056   Code   RO         3250    .text               mc_w.l(__dczerorl2.o)
    0x080001ee   0x080001ee   0x00000004   Code   RO          523    i.CDC_Control_FS    usbd_cdc_if.o
    0x080001f2   0x080001f2   0x00000004   Code   RO          524    i.CDC_DeInit_FS     usbd_cdc_if.o
    0x080001f6   0x080001f6   0x00000002   PAD
    0x080001f8   0x080001f8   0x00000024   Code   RO          525    i.CDC_Init_FS       usbd_cdc_if.o
    0x0800021c   0x0800021c   0x00000018   Code   RO          526    i.CDC_Receive_FS    usbd_cdc_if.o
    0x08000234   0x08000234   0x00000168   Code   RO           13    i.Czas              main.o
    0x0800039c   0x0800039c   0x00000008   Code   RO          575    i.EXTI15_10_IRQHandler  stm32f1xx_it.o
    0x080003a4   0x080003a4   0x00000024   Code   RO         1645    i.HAL_Delay         stm32f1xx_hal.o
    0x080003c8   0x080003c8   0x00000002   Code   RO         1936    i.HAL_GPIO_EXTI_Callback  stm32f1xx_hal_gpio.o
    0x080003ca   0x080003ca   0x00000002   PAD
    0x080003cc   0x080003cc   0x00000018   Code   RO         1937    i.HAL_GPIO_EXTI_IRQHandler  stm32f1xx_hal_gpio.o
    0x080003e4   0x080003e4   0x000001bc   Code   RO         1938    i.HAL_GPIO_Init     stm32f1xx_hal_gpio.o
    0x080005a0   0x080005a0   0x0000000a   Code   RO         1940    i.HAL_GPIO_ReadPin  stm32f1xx_hal_gpio.o
    0x080005aa   0x080005aa   0x0000000a   Code   RO         1942    i.HAL_GPIO_WritePin  stm32f1xx_hal_gpio.o
    0x080005b4   0x080005b4   0x0000000c   Code   RO         1649    i.HAL_GetTick       stm32f1xx_hal.o
    0x080005c0   0x080005c0   0x00000006   Code   RO         1214    i.HAL_I2C_GetState  stm32f1xx_hal_i2c.o
    0x080005c6   0x080005c6   0x00000002   PAD
    0x080005c8   0x080005c8   0x00000140   Code   RO         1215    i.HAL_I2C_Init      stm32f1xx_hal_i2c.o
    0x08000708   0x08000708   0x00000138   Code   RO         1226    i.HAL_I2C_Master_Transmit  stm32f1xx_hal_i2c.o
    0x08000840   0x08000840   0x0000006c   Code   RO          616    i.HAL_I2C_MspInit   stm32f1xx_hal_msp.o
    0x080008ac   0x080008ac   0x00000010   Code   RO         1653    i.HAL_IncTick       stm32f1xx_hal.o
    0x080008bc   0x080008bc   0x00000024   Code   RO         1654    i.HAL_Init          stm32f1xx_hal.o
    0x080008e0   0x080008e0   0x00000040   Code   RO         1655    i.HAL_InitTick      stm32f1xx_hal.o
    0x08000920   0x08000920   0x00000090   Code   RO          617    i.HAL_MspInit       stm32f1xx_hal_msp.o
    0x080009b0   0x080009b0   0x00000016   Code   RO         2098    i.HAL_NVIC_EnableIRQ  stm32f1xx_hal_cortex.o
    0x080009c6   0x080009c6   0x00000002   PAD
    0x080009c8   0x080009c8   0x00000040   Code   RO         2104    i.HAL_NVIC_SetPriority  stm32f1xx_hal_cortex.o
    0x08000a08   0x08000a08   0x00000024   Code   RO         2105    i.HAL_NVIC_SetPriorityGrouping  stm32f1xx_hal_cortex.o
    0x08000a2c   0x08000a2c   0x00000034   Code   RO          982    i.HAL_PCDEx_PMAConfig  stm32f1xx_hal_pcd_ex.o
    0x08000a60   0x08000a60   0x00000002   Code   RO          248    i.HAL_PCDEx_SetConnectionState  usbd_conf.o
    0x08000a62   0x08000a62   0x0000000e   Code   RO          250    i.HAL_PCD_DataInStageCallback  usbd_conf.o
    0x08000a70   0x08000a70   0x00000010   Code   RO          251    i.HAL_PCD_DataOutStageCallback  usbd_conf.o
    0x08000a80   0x08000a80   0x00000040   Code   RO          776    i.HAL_PCD_EP_Close  stm32f1xx_hal_pcd.o
    0x08000ac0   0x08000ac0   0x00000048   Code   RO          777    i.HAL_PCD_EP_ClrStall  stm32f1xx_hal_pcd.o
    0x08000b08   0x08000b08   0x00000010   Code   RO          779    i.HAL_PCD_EP_GetRxCount  stm32f1xx_hal_pcd.o
    0x08000b18   0x08000b18   0x00000044   Code   RO          780    i.HAL_PCD_EP_Open   stm32f1xx_hal_pcd.o
    0x08000b5c   0x08000b5c   0x0000002e   Code   RO          781    i.HAL_PCD_EP_Receive  stm32f1xx_hal_pcd.o
    0x08000b8a   0x08000b8a   0x00000056   Code   RO          782    i.HAL_PCD_EP_SetStall  stm32f1xx_hal_pcd.o
    0x08000be0   0x08000be0   0x0000002a   Code   RO          783    i.HAL_PCD_EP_Transmit  stm32f1xx_hal_pcd.o
    0x08000c0a   0x08000c0a   0x0000010c   Code   RO          785    i.HAL_PCD_IRQHandler  stm32f1xx_hal_pcd.o
    0x08000d16   0x08000d16   0x00000002   PAD
    0x08000d18   0x08000d18   0x000000c0   Code   RO          788    i.HAL_PCD_Init      stm32f1xx_hal_pcd.o
    0x08000dd8   0x08000dd8   0x0000003c   Code   RO          256    i.HAL_PCD_MspInit   usbd_conf.o
    0x08000e14   0x08000e14   0x0000001a   Code   RO          257    i.HAL_PCD_ResetCallback  usbd_conf.o
    0x08000e2e   0x08000e2e   0x00000008   Code   RO          258    i.HAL_PCD_ResumeCallback  usbd_conf.o
    0x08000e36   0x08000e36   0x00000008   Code   RO          259    i.HAL_PCD_SOFCallback  usbd_conf.o
    0x08000e3e   0x08000e3e   0x00000028   Code   RO          794    i.HAL_PCD_SetAddress  stm32f1xx_hal_pcd.o
    0x08000e66   0x08000e66   0x0000000e   Code   RO          260    i.HAL_PCD_SetupStageCallback  usbd_conf.o
    0x08000e74   0x08000e74   0x00000032   Code   RO          796    i.HAL_PCD_Start     stm32f1xx_hal_pcd.o
    0x08000ea6   0x08000ea6   0x00000002   PAD
    0x08000ea8   0x08000ea8   0x00000024   Code   RO          261    i.HAL_PCD_SuspendCallback  usbd_conf.o
    0x08000ecc   0x08000ecc   0x000000ec   Code   RO         1901    i.HAL_RCCEx_PeriphCLKConfig  stm32f1xx_hal_rcc_ex.o
    0x08000fb8   0x08000fb8   0x00000154   Code   RO         1798    i.HAL_RCC_ClockConfig  stm32f1xx_hal_rcc.o
    0x0800110c   0x0800110c   0x0000000c   Code   RO         1803    i.HAL_RCC_GetHCLKFreq  stm32f1xx_hal_rcc.o
    0x08001118   0x08001118   0x00000020   Code   RO         1805    i.HAL_RCC_GetPCLK1Freq  stm32f1xx_hal_rcc.o
    0x08001138   0x08001138   0x0000006c   Code   RO         1807    i.HAL_RCC_GetSysClockFreq  stm32f1xx_hal_rcc.o
    0x080011a4   0x080011a4   0x00000304   Code   RO         1810    i.HAL_RCC_OscConfig  stm32f1xx_hal_rcc.o
    0x080014a8   0x080014a8   0x00000018   Code   RO         2107    i.HAL_SYSTICK_CLKSourceConfig  stm32f1xx_hal_cortex.o
    0x080014c0   0x080014c0   0x00000002   Code   RO         2108    i.HAL_SYSTICK_Callback  stm32f1xx_hal_cortex.o
    0x080014c2   0x080014c2   0x00000028   Code   RO         2109    i.HAL_SYSTICK_Config  stm32f1xx_hal_cortex.o
    0x080014ea   0x080014ea   0x00000008   Code   RO         2110    i.HAL_SYSTICK_IRQHandler  stm32f1xx_hal_cortex.o
    0x080014f2   0x080014f2   0x00000028   Code   RO         1253    i.I2C_IsAcknowledgeFailed  stm32f1xx_hal_i2c.o
    0x0800151a   0x0800151a   0x00000002   PAD
    0x0800151c   0x0800151c   0x00000094   Code   RO         1257    i.I2C_MasterRequestWrite  stm32f1xx_hal_i2c.o
    0x080015b0   0x080015b0   0x0000004e   Code   RO         1266    i.I2C_WaitOnBTFFlagUntilTimeout  stm32f1xx_hal_i2c.o
    0x080015fe   0x080015fe   0x00000060   Code   RO         1267    i.I2C_WaitOnFlagUntilTimeout  stm32f1xx_hal_i2c.o
    0x0800165e   0x0800165e   0x00000002   PAD
    0x08001660   0x08001660   0x00000088   Code   RO         1268    i.I2C_WaitOnMasterAddressFlagUntilTimeout  stm32f1xx_hal_i2c.o
    0x080016e8   0x080016e8   0x0000004e   Code   RO         1270    i.I2C_WaitOnTXEFlagUntilTimeout  stm32f1xx_hal_i2c.o
    0x08001736   0x08001736   0x00000002   PAD
    0x08001738   0x08001738   0x00000138   Code   RO           14    i.Licznik           main.o
    0x08001870   0x08001870   0x000000b0   Code   RO           15    i.MX_GPIO_Init      main.o
    0x08001920   0x08001920   0x00000038   Code   RO           16    i.MX_I2C1_Init      main.o
    0x08001958   0x08001958   0x00000038   Code   RO           17    i.MX_I2C2_Init      main.o
    0x08001990   0x08001990   0x00000038   Code   RO          197    i.MX_USB_DEVICE_Init  usb_device.o
    0x080019c8   0x080019c8   0x00000020   Code   RO         2111    i.NVIC_SetPriority  stm32f1xx_hal_cortex.o
    0x080019e8   0x080019e8   0x00000362   Code   RO          799    i.PCD_EP_ISR_Handler  stm32f1xx_hal_pcd.o
    0x08001d4a   0x08001d4a   0x00000002   PAD
    0x08001d4c   0x08001d4c   0x000001d8   Code   RO           18    i.Pozycja           main.o
    0x08001f24   0x08001f24   0x0000000e   Code   RO          576    i.SysTick_Handler   stm32f1xx_it.o
    0x08001f32   0x08001f32   0x0000007a   Code   RO           19    i.SystemClock_Config  main.o
    0x08001fac   0x08001fac   0x00000048   Code   RO         2527    i.SystemInit        system_stm32f1xx.o
    0x08001ff4   0x08001ff4   0x00000014   Code   RO         2827    i.USBD_CDC_DataIn   usbd_cdc.o
    0x08002008   0x08002008   0x0000002e   Code   RO         2828    i.USBD_CDC_DataOut  usbd_cdc.o
    0x08002036   0x08002036   0x0000003c   Code   RO         2829    i.USBD_CDC_DeInit   usbd_cdc.o
    0x08002072   0x08002072   0x00000024   Code   RO         2830    i.USBD_CDC_EP0_RxReady  usbd_cdc.o
    0x08002096   0x08002096   0x00000002   PAD
    0x08002098   0x08002098   0x0000000c   Code   RO         2831    i.USBD_CDC_GetDeviceQualifierDescriptor  usbd_cdc.o
    0x080020a4   0x080020a4   0x0000000c   Code   RO         2832    i.USBD_CDC_GetFSCfgDesc  usbd_cdc.o
    0x080020b0   0x080020b0   0x0000000c   Code   RO         2833    i.USBD_CDC_GetHSCfgDesc  usbd_cdc.o
    0x080020bc   0x080020bc   0x0000000c   Code   RO         2834    i.USBD_CDC_GetOtherSpeedCfgDesc  usbd_cdc.o
    0x080020c8   0x080020c8   0x00000088   Code   RO         2835    i.USBD_CDC_Init     usbd_cdc.o
    0x08002150   0x08002150   0x00000028   Code   RO         2836    i.USBD_CDC_ReceivePacket  usbd_cdc.o
    0x08002178   0x08002178   0x00000010   Code   RO         2837    i.USBD_CDC_RegisterInterface  usbd_cdc.o
    0x08002188   0x08002188   0x0000000c   Code   RO         2838    i.USBD_CDC_SetRxBuffer  usbd_cdc.o
    0x08002194   0x08002194   0x00000010   Code   RO         2839    i.USBD_CDC_SetTxBuffer  usbd_cdc.o
    0x080021a4   0x080021a4   0x00000070   Code   RO         2840    i.USBD_CDC_Setup    usbd_cdc.o
    0x08002214   0x08002214   0x0000000e   Code   RO         2564    i.USBD_ClrClassConfig  usbd_core.o
    0x08002222   0x08002222   0x00000010   Code   RO         2767    i.USBD_CtlContinueRx  usbd_ioreq.o
    0x08002232   0x08002232   0x00000010   Code   RO         2768    i.USBD_CtlContinueSendData  usbd_ioreq.o
    0x08002242   0x08002242   0x00000016   Code   RO         2702    i.USBD_CtlError     usbd_ctlreq.o
    0x08002258   0x08002258   0x0000001e   Code   RO         2769    i.USBD_CtlPrepareRx  usbd_ioreq.o
    0x08002276   0x08002276   0x00000016   Code   RO         2770    i.USBD_CtlReceiveStatus  usbd_ioreq.o
    0x0800228c   0x0800228c   0x0000001a   Code   RO         2771    i.USBD_CtlSendData  usbd_ioreq.o
    0x080022a6   0x080022a6   0x00000016   Code   RO         2772    i.USBD_CtlSendStatus  usbd_ioreq.o
    0x080022bc   0x080022bc   0x00000020   Code   RO          455    i.USBD_FS_ConfigStrDescriptor  usbd_desc.o
    0x080022dc   0x080022dc   0x0000000c   Code   RO          456    i.USBD_FS_DeviceDescriptor  usbd_desc.o
    0x080022e8   0x080022e8   0x00000024   Code   RO          457    i.USBD_FS_InterfaceStrDescriptor  usbd_desc.o
    0x0800230c   0x0800230c   0x0000000c   Code   RO          458    i.USBD_FS_LangIDStrDescriptor  usbd_desc.o
    0x08002318   0x08002318   0x00000028   Code   RO          459    i.USBD_FS_ManufacturerStrDescriptor  usbd_desc.o
    0x08002340   0x08002340   0x0000002c   Code   RO          460    i.USBD_FS_ProductStrDescriptor  usbd_desc.o
    0x0800236c   0x0800236c   0x00000024   Code   RO          461    i.USBD_FS_SerialStrDescriptor  usbd_desc.o
    0x08002390   0x08002390   0x000000e0   Code   RO         2703    i.USBD_GetDescriptor  usbd_ctlreq.o
    0x08002470   0x08002470   0x00000046   Code   RO         2704    i.USBD_GetString    usbd_ctlreq.o
    0x080024b6   0x080024b6   0x0000002a   Code   RO         2566    i.USBD_Init         usbd_core.o
    0x080024e0   0x080024e0   0x00000020   Code   RO          262    i.USBD_LL_ClearStallEP  usbd_conf.o
    0x08002500   0x08002500   0x00000020   Code   RO          263    i.USBD_LL_CloseEP   usbd_conf.o
    0x08002520   0x08002520   0x000000aa   Code   RO         2567    i.USBD_LL_DataInStage  usbd_core.o
    0x080025ca   0x080025ca   0x0000006a   Code   RO         2568    i.USBD_LL_DataOutStage  usbd_core.o
    0x08002634   0x08002634   0x00000008   Code   RO          267    i.USBD_LL_GetRxDataSize  usbd_conf.o
    0x0800263c   0x0800263c   0x000000a0   Code   RO          268    i.USBD_LL_Init      usbd_conf.o
    0x080026dc   0x080026dc   0x0000001c   Code   RO          269    i.USBD_LL_IsStallEP  usbd_conf.o
    0x080026f8   0x080026f8   0x00000026   Code   RO          270    i.USBD_LL_OpenEP    usbd_conf.o
    0x0800271e   0x0800271e   0x00000020   Code   RO          271    i.USBD_LL_PrepareReceive  usbd_conf.o
    0x0800273e   0x0800273e   0x0000003e   Code   RO         2573    i.USBD_LL_Reset     usbd_core.o
    0x0800277c   0x0800277c   0x0000000c   Code   RO         2574    i.USBD_LL_Resume    usbd_core.o
    0x08002788   0x08002788   0x00000018   Code   RO         2575    i.USBD_LL_SOF       usbd_core.o
    0x080027a0   0x080027a0   0x00000006   Code   RO         2576    i.USBD_LL_SetSpeed  usbd_core.o
    0x080027a6   0x080027a6   0x00000020   Code   RO          272    i.USBD_LL_SetUSBAddress  usbd_conf.o
    0x080027c6   0x080027c6   0x0000005a   Code   RO         2577    i.USBD_LL_SetupStage  usbd_core.o
    0x08002820   0x08002820   0x00000020   Code   RO          273    i.USBD_LL_StallEP   usbd_conf.o
    0x08002840   0x08002840   0x00000020   Code   RO          274    i.USBD_LL_Start     usbd_conf.o
    0x08002860   0x08002860   0x00000012   Code   RO         2578    i.USBD_LL_Suspend   usbd_core.o
    0x08002872   0x08002872   0x00000020   Code   RO          276    i.USBD_LL_Transmit  usbd_conf.o
    0x08002892   0x08002892   0x00000028   Code   RO         2705    i.USBD_ParseSetupRequest  usbd_ctlreq.o
    0x080028ba   0x080028ba   0x00000010   Code   RO         2579    i.USBD_RegisterClass  usbd_core.o
    0x080028ca   0x080028ca   0x00000016   Code   RO         2581    i.USBD_SetClassConfig  usbd_core.o
    0x080028e0   0x080028e0   0x00000074   Code   RO         2706    i.USBD_SetConfig    usbd_ctlreq.o
    0x08002954   0x08002954   0x0000000a   Code   RO         2582    i.USBD_Start        usbd_core.o
    0x0800295e   0x0800295e   0x000000f2   Code   RO         2707    i.USBD_StdDevReq    usbd_ctlreq.o
    0x08002a50   0x08002a50   0x000000dc   Code   RO         2708    i.USBD_StdEPReq     usbd_ctlreq.o
    0x08002b2c   0x08002b2c   0x00000034   Code   RO         2709    i.USBD_StdItfReq    usbd_ctlreq.o
    0x08002b60   0x08002b60   0x00000002   Code   RO          277    i.USBD_static_free  usbd_conf.o
    0x08002b62   0x08002b62   0x00000002   PAD
    0x08002b64   0x08002b64   0x00000008   Code   RO          278    i.USBD_static_malloc  usbd_conf.o
    0x08002b6c   0x08002b6c   0x0000025c   Code   RO         1012    i.USB_ActivateEndpoint  stm32f1xx_ll_usb.o
    0x08002dc8   0x08002dc8   0x00000004   Code   RO         1015    i.USB_CoreInit      stm32f1xx_ll_usb.o
    0x08002dcc   0x08002dcc   0x00000124   Code   RO         1017    i.USB_DeactivateEndpoint  stm32f1xx_ll_usb.o
    0x08002ef0   0x08002ef0   0x00000004   Code   RO         1018    i.USB_DevConnect    stm32f1xx_ll_usb.o
    0x08002ef4   0x08002ef4   0x00000004   Code   RO         1019    i.USB_DevDisconnect  stm32f1xx_ll_usb.o
    0x08002ef8   0x08002ef8   0x0000001e   Code   RO         1020    i.USB_DevInit       stm32f1xx_ll_usb.o
    0x08002f16   0x08002f16   0x0000000e   Code   RO         1021    i.USB_DisableGlobalInt  stm32f1xx_ll_usb.o
    0x08002f24   0x08002f24   0x00000004   Code   RO         1022    i.USB_EP0_OutStart  stm32f1xx_ll_usb.o
    0x08002f28   0x08002f28   0x0000006a   Code   RO         1023    i.USB_EPClearStall  stm32f1xx_ll_usb.o
    0x08002f92   0x08002f92   0x0000004a   Code   RO         1024    i.USB_EPSetStall    stm32f1xx_ll_usb.o
    0x08002fdc   0x08002fdc   0x000001aa   Code   RO         1025    i.USB_EPStartXfer   stm32f1xx_ll_usb.o
    0x08003186   0x08003186   0x0000000e   Code   RO         1026    i.USB_EnableGlobalInt  stm32f1xx_ll_usb.o
    0x08003194   0x08003194   0x0000000c   Code   RO          577    i.USB_LP_CAN1_RX0_IRQHandler  stm32f1xx_it.o
    0x080031a0   0x080031a0   0x00000006   Code   RO         1033    i.USB_ReadInterrupts  stm32f1xx_ll_usb.o
    0x080031a6   0x080031a6   0x00000002   PAD
    0x080031a8   0x080031a8   0x0000001e   Code   RO         1034    i.USB_ReadPMA       stm32f1xx_ll_usb.o
    0x080031c6   0x080031c6   0x00000004   Code   RO         1036    i.USB_SetCurrentMode  stm32f1xx_ll_usb.o
    0x080031ca   0x080031ca   0x0000000c   Code   RO         1037    i.USB_SetDevAddress  stm32f1xx_ll_usb.o
    0x080031d6   0x080031d6   0x00000026   Code   RO         1039    i.USB_WritePMA      stm32f1xx_ll_usb.o
    0x080031fc   0x080031fc   0x00000002   Code   RO           20    i._Error_Handler    main.o
    0x080031fe   0x080031fe   0x00000002   PAD
    0x08003200   0x08003200   0x00000028   Code   RO         3096    i.__0sprintf$6      mc_w.l(printf6.o)
    0x08003228   0x08003228   0x0000000e   Code   RO         3244    i.__scatterload_copy  mc_w.l(handlers.o)
    0x08003236   0x08003236   0x00000002   Code   RO         3245    i.__scatterload_null  mc_w.l(handlers.o)
    0x08003238   0x08003238   0x0000000e   Code   RO         3246    i.__scatterload_zeroinit  mc_w.l(handlers.o)
    0x08003246   0x08003246   0x00000002   PAD
    0x08003248   0x08003248   0x000002f0   Code   RO         3101    i._printf_core      mc_w.l(printf6.o)
    0x08003538   0x08003538   0x00000024   Code   RO         3102    i._printf_post_padding  mc_w.l(printf6.o)
    0x0800355c   0x0800355c   0x0000002e   Code   RO         3103    i._printf_pre_padding  mc_w.l(printf6.o)
    0x0800358a   0x0800358a   0x0000000a   Code   RO         3105    i._sputc            mc_w.l(printf6.o)
    0x08003594   0x08003594   0x000000bc   Code   RO          652    i.lcdCommand        lcd_hd44780_i2c.o
    0x08003650   0x08003650   0x000000e4   Code   RO          653    i.lcdInit           lcd_hd44780_i2c.o
    0x08003734   0x08003734   0x0000000c   Code   RO          655    i.lcdPrintChar      lcd_hd44780_i2c.o
    0x08003740   0x08003740   0x00000032   Code   RO          656    i.lcdPrintStr       lcd_hd44780_i2c.o
    0x08003772   0x08003772   0x00000002   PAD
    0x08003774   0x08003774   0x00000030   Code   RO          657    i.lcdSetCursorPosition  lcd_hd44780_i2c.o
    0x080037a4   0x080037a4   0x00000078   Code   RO          658    i.lcdWriteByte      lcd_hd44780_i2c.o
    0x0800381c   0x0800381c   0x0000007c   Code   RO           21    i.lcd_Start         main.o
    0x08003898   0x08003898   0x000001dc   Code   RO           22    i.main              main.o
    0x08003a74   0x08003a74   0x00000024   Data   RO           24    .constdata          main.o
    0x08003a98   0x08003a98   0x00000004   Data   RO          660    .constdata          lcd_hd44780_i2c.o
    0x08003a9c   0x08003a9c   0x00000010   Data   RO         2528    .constdata          system_stm32f1xx.o
    0x08003aac   0x08003aac   0x00000008   Data   RO         2529    .constdata          system_stm32f1xx.o
    0x08003ab4   0x08003ab4   0x00000038   Data   RO           25    .conststrlit        main.o
    0x08003aec   0x08003aec   0x00000020   Data   RO         3242    Region$$Table       anon$$obj.o


    Execution Region RW_IRAM1 (Exec base: 0x20000000, Load base: 0x08003b0c, Size: 0x000018a0, Max: 0x00005000, ABSOLUTE, COMPRESSED[0x000000c4])

    Exec Addr    Load Addr    Size         Type   Attr      Idx    E Section Name        Object

    0x20000000   COMPRESSED   0x0000001c   Data   RW          463    .data               usbd_desc.o
    0x2000001c   COMPRESSED   0x00000016   Data   RW          464    .data               usbd_desc.o
    0x20000032   COMPRESSED   0x00000002   PAD
    0x20000034   COMPRESSED   0x00000010   Data   RW          529    .data               usbd_cdc_if.o
    0x20000044   COMPRESSED   0x00000006   Data   RW          661    .data               lcd_hd44780_i2c.o
    0x2000004a   COMPRESSED   0x00000002   PAD
    0x2000004c   COMPRESSED   0x0000000c   Data   RW         1661    .data               stm32f1xx_hal.o
    0x20000058   COMPRESSED   0x00000004   Data   RW         2530    .data               system_stm32f1xx.o
    0x2000005c   COMPRESSED   0x00000001   Data   RW         2710    .data               usbd_ctlreq.o
    0x2000005d   COMPRESSED   0x00000003   PAD
    0x20000060   COMPRESSED   0x000000db   Data   RW         2842    .data               usbd_cdc.o
    0x2000013b   COMPRESSED   0x00000001   PAD
    0x2000013c   COMPRESSED   0x00000038   Data   RW         2843    .data               usbd_cdc.o
    0x20000174        -       0x000000a8   Zero   RW           23    .bss                main.o
    0x2000021c        -       0x00000224   Zero   RW          198    .bss                usb_device.o
    0x20000440        -       0x00000680   Zero   RW          279    .bss                usbd_conf.o
    0x20000ac0        -       0x00000200   Zero   RW          462    .bss                usbd_desc.o
    0x20000cc0        -       0x000007d0   Zero   RW          528    .bss                usbd_cdc_if.o
    0x20001490        -       0x0000000c   Zero   RW          659    .bss                lcd_hd44780_i2c.o
    0x2000149c   COMPRESSED   0x00000004   PAD
    0x200014a0        -       0x00000400   Zero   RW            1    STACK               startup_stm32f103xb.o


==============================================================================

Image component sizes


      Code (inc. data)   RO Data    RW Data    ZI Data      Debug   Object Name

       646         52          4          6         12       4702   lcd_hd44780_i2c.o
      2156        300         92          0        168     429798   main.o
        36          8        236          0       1024        792   startup_stm32f103xb.o
       164         28          0         12          0       3757   stm32f1xx_hal.o
       228         14          0          0          0      27277   stm32f1xx_hal_cortex.o
       490         42          0          0          0       4551   stm32f1xx_hal_gpio.o
      1214         32          0          0          0       9236   stm32f1xx_hal_i2c.o
       252         26          0          0          0       1564   stm32f1xx_hal_msp.o
      1810          0          0          0          0       9869   stm32f1xx_hal_pcd.o
        52          0          0          0          0       1150   stm32f1xx_hal_pcd_ex.o
      1264         92          0          0          0       5005   stm32f1xx_hal_rcc.o
       236         12          0          0          0       1360   stm32f1xx_hal_rcc_ex.o
        34          6          0          0          0       1302   stm32f1xx_it.o
      1666          0          0          0          0      12407   stm32f1xx_ll_usb.o
        72         16         24          4          0       1127   system_stm32f1xx.o
        56         18          0          0        548       2359   usb_device.o
       542         22          0        275          0      11712   usbd_cdc.o
        68         16          0         16       2000       2450   usbd_cdc_if.o
       652         50          0          0       1664      12849   usbd_conf.o
       592          0          0          0          0       8988   usbd_core.o
       986         30          0          1          0       7632   usbd_ctlreq.o
       212        116          0         50        512       4807   usbd_desc.o
       132          0          0          0          0       4240   usbd_ioreq.o

    ----------------------------------------------------------------------
     13590        880        388        372       5932     568934   Object Totals
         0          0         32          0          0          0   (incl. Generated)
        30          0          0          8          4          0   (incl. Padding)

    ----------------------------------------------------------------------

      Code (inc. data)   RO Data    RW Data    ZI Data      Debug   Library Member Name

        86          0          0          0          0          0   __dczerorl2.o
         0          0          0          0          0          0   entry.o
         0          0          0          0          0          0   entry10a.o
         0          0          0          0          0          0   entry11a.o
         8          4          0          0          0          0   entry2.o
         4          0          0          0          0          0   entry5.o
         0          0          0          0          0          0   entry7b.o
         0          0          0          0          0          0   entry8b.o
         8          4          0          0          0          0   entry9a.o
        30          0          0          0          0          0   handlers.o
        36          8          0          0          0         68   init.o
        36          0          0          0          0         68   memcpya.o
       884         10          0          0          0        420   printf6.o
        44          0          0          0          0         80   uidiv.o

    ----------------------------------------------------------------------
      1138         26          0          0          0        636   Library Totals
         2          0          0          0          0          0   (incl. Padding)

    ----------------------------------------------------------------------

      Code (inc. data)   RO Data    RW Data    ZI Data      Debug   Library Name

      1136         26          0          0          0        636   mc_w.l

    ----------------------------------------------------------------------
      1138         26          0          0          0        636   Library Totals

    ----------------------------------------------------------------------

==============================================================================


      Code (inc. data)   RO Data    RW Data    ZI Data      Debug   

     14728        906        388        372       5932     561378   Grand Totals
     14728        906        388        196       5932     561378   ELF Image Totals (compressed)
     14728        906        388        196          0          0   ROM Totals

==============================================================================

    Total RO  Size (Code + RO Data)                15116 (  14.76kB)
    Total RW  Size (RW Data + ZI Data)              6304 (   6.16kB)
    Total ROM Size (Code + RO Data + RW Data)      15312 (  14.95kB)

==============================================================================

